Archive member included to satisfy reference by file (symbol)

app/libapp.a(main.c.obj)      (--whole-archive)
zephyr/libzephyr.a(crc32_sw.c.obj)
                              (--whole-archive)
zephyr/libzephyr.a(crc16_sw.c.obj)
                              (--whole-archive)
zephyr/libzephyr.a(crc8_sw.c.obj)
                              (--whole-archive)
zephyr/libzephyr.a(crc7_sw.c.obj)
                              (--whole-archive)
zephyr/libzephyr.a(dec.c.obj)
                              (--whole-archive)
zephyr/libzephyr.a(fdtable.c.obj)
                              (--whole-archive)
zephyr/libzephyr.a(hex.c.obj)
                              (--whole-archive)
zephyr/libzephyr.a(mempool.c.obj)
                              (--whole-archive)
zephyr/libzephyr.a(notify.c.obj)
                              (--whole-archive)
zephyr/libzephyr.a(printk.c.obj)
                              (--whole-archive)
zephyr/libzephyr.a(onoff.c.obj)
                              (--whole-archive)
zephyr/libzephyr.a(rb.c.obj)  (--whole-archive)
zephyr/libzephyr.a(sem.c.obj)
                              (--whole-archive)
zephyr/libzephyr.a(thread_entry.c.obj)
                              (--whole-archive)
zephyr/libzephyr.a(timeutil.c.obj)
                              (--whole-archive)
zephyr/libzephyr.a(work_q.c.obj)
                              (--whole-archive)
zephyr/libzephyr.a(heap.c.obj)
                              (--whole-archive)
zephyr/libzephyr.a(heap-validate.c.obj)
                              (--whole-archive)
zephyr/libzephyr.a(prf.c.obj)
                              (--whole-archive)
zephyr/libzephyr.a(configs.c.obj)
                              (--whole-archive)
zephyr/libzephyr.a(soc.c.obj)
                              (--whole-archive)
zephyr/libzephyr.a(esp32-mp.c.obj)
                              (--whole-archive)
zephyr/libzephyr.a(uart_console.c.obj)
                              (--whole-archive)
zephyr/libzephyr.a(clock_control_esp32.c.obj)
                              (--whole-archive)
zephyr/libzephyr.a(pinmux_esp32.c.obj)
                              (--whole-archive)
zephyr/libzephyr.a(sys_clock_init.c.obj)
                              (--whole-archive)
zephyr/libzephyr.a(xtensa_sys_timer.c.obj)
                              (--whole-archive)
zephyr/arch/common/libarch__common.a(sw_isr_common.c.obj)
                              (--whole-archive)
zephyr/arch/arch/xtensa/core/libarch__xtensa__core.a(cpu_idle.c.obj)
                              (--whole-archive)
zephyr/arch/arch/xtensa/core/libarch__xtensa__core.a(fatal.c.obj)
                              (--whole-archive)
zephyr/arch/arch/xtensa/core/libarch__xtensa__core.a(window_vectors.S.obj)
                              (--whole-archive)
zephyr/arch/arch/xtensa/core/libarch__xtensa__core.a(xtensa-asm2-util.S.obj)
                              (--whole-archive)
zephyr/arch/arch/xtensa/core/libarch__xtensa__core.a(xtensa-asm2.c.obj)
                              (--whole-archive)
zephyr/arch/arch/xtensa/core/libarch__xtensa__core.a(irq_manage.c.obj)
                              (--whole-archive)
zephyr/arch/arch/xtensa/core/libarch__xtensa__core.a(atomic.S.obj)
                              (--whole-archive)
zephyr/lib/libc/minimal/liblib__libc__minimal.a(atoi.c.obj)
                              (--whole-archive)
zephyr/lib/libc/minimal/liblib__libc__minimal.a(strtol.c.obj)
                              (--whole-archive)
zephyr/lib/libc/minimal/liblib__libc__minimal.a(strtoul.c.obj)
                              (--whole-archive)
zephyr/lib/libc/minimal/liblib__libc__minimal.a(malloc.c.obj)
                              (--whole-archive)
zephyr/lib/libc/minimal/liblib__libc__minimal.a(bsearch.c.obj)
                              (--whole-archive)
zephyr/lib/libc/minimal/liblib__libc__minimal.a(exit.c.obj)
                              (--whole-archive)
zephyr/lib/libc/minimal/liblib__libc__minimal.a(strncasecmp.c.obj)
                              (--whole-archive)
zephyr/lib/libc/minimal/liblib__libc__minimal.a(strstr.c.obj)
                              (--whole-archive)
zephyr/lib/libc/minimal/liblib__libc__minimal.a(string.c.obj)
                              (--whole-archive)
zephyr/lib/libc/minimal/liblib__libc__minimal.a(strspn.c.obj)
                              (--whole-archive)
zephyr/lib/libc/minimal/liblib__libc__minimal.a(stdout_console.c.obj)
                              (--whole-archive)
zephyr/lib/libc/minimal/liblib__libc__minimal.a(sprintf.c.obj)
                              (--whole-archive)
zephyr/lib/libc/minimal/liblib__libc__minimal.a(fprintf.c.obj)
                              (--whole-archive)
zephyr/lib/libc/minimal/liblib__libc__minimal.a(gmtime.c.obj)
                              (--whole-archive)
zephyr/lib/posix/liblib__posix.a(pthread_common.c.obj)
                              (--whole-archive)
zephyr/lib/posix/liblib__posix.a(nanosleep.c.obj)
[...]
Memory Configuration

Name             Origin             Length             Attributes
iram0_0_seg      0x0000000040080000 0x0000000000020000 xr
iram0_2_seg      0x00000000400d0018 0x0000000000330000 xr
dram0_0_seg      0x000000003ffb0000 0x0000000000050000 rw
drom0_0_seg      0x000000003f400010 0x0000000000800000 r
rtc_iram_seg     0x00000000400c0000 0x0000000000002000 xrw
rtc_slow_seg     0x0000000050000000 0x0000000000001000 rw
IDT_LIST         0x000000003ebfe010 0x0000000000002000 rw
*default*        0x0000000000000000 0xffffffffffffffff

Linker script and memory map

LOAD zephyr/CMakeFiles/zephyr_prebuilt.dir/misc/empty_file.c.obj
                [!provide]                        PROVIDE (__stack = 0x3ffe3f20)
                0x0000000040009200                PROVIDE (esp32_rom_uart_tx_one_char = 0x40009200)
                [!provide]                        PROVIDE (esp32_rom_uart_rx_one_char = 0x400092d0)
                [!provide]                        PROVIDE (esp32_rom_uart_attach = 0x40008fd0)
                0x0000000040009278                PROVIDE (esp32_rom_uart_tx_wait_idle = 0x40009278)
                0x000000004000681c                PROVIDE (esp32_rom_intr_matrix_set = 0x4000681c)
                0x0000000040009edc                PROVIDE (esp32_rom_gpio_matrix_in = 0x40009edc)
                0x0000000040009f0c                PROVIDE (esp32_rom_gpio_matrix_out = 0x40009f0c)
                0x0000000040009a14                PROVIDE (esp32_rom_Cache_Flush = 0x40009a14)
                0x0000000040009a84                PROVIDE (esp32_rom_Cache_Read_Enable = 0x40009a84)
                0x000000004000689c                PROVIDE (esp32_rom_ets_set_appcpu_boot_addr = 0x4000689c)
                [!provide]                        PROVIDE (esp32_rom_i2c_readReg = 0x40004148)
                0x00000000400041a4                PROVIDE (esp32_rom_i2c_writeReg = 0x400041a4)
                [!provide]                        PROVIDE (_ResetVector = 0x40000400)
                0x0000000000000000                _rom_store_table = 0x0
                [!provide]                        PROVIDE (_memmap_vecbase_reset = 0x40000450)
                [!provide]                        PROVIDE (_memmap_reset_vector = 0x40000400)

.rel.plt        0x0000000000000000        0x0
 *(SORT_BY_ALIGNMENT(.rel.plt))
                [!provide]                        PROVIDE (__rel_iplt_start = .)
 *(SORT_BY_ALIGNMENT(.rel.iplt))
                [!provide]                        PROVIDE (__rel_iplt_end = .)

.rela.plt       0x0000000000000000        0x0
 *(SORT_BY_ALIGNMENT(.rela.plt))
                [!provide]                        PROVIDE (__rela_iplt_start = .)
 *(SORT_BY_ALIGNMENT(.rela.iplt))
                [!provide]                        PROVIDE (__rela_iplt_end = .)

.rel.dyn
 *(SORT_BY_ALIGNMENT(.rel.*))

.rela.dyn
 *(SORT_BY_ALIGNMENT(.rela.*))

.rtc.text       0x00000000400c0000        0x0
                0x00000000400c0000                . = ALIGN (0x4)
 *(SORT_BY_ALIGNMENT(.rtc.literal) SORT_BY_ALIGNMENT(.rtc.text))
 *rtc_wake_stub*.o(SORT_BY_ALIGNMENT(.literal) SORT_BY_ALIGNMENT(.text) SORT_BY_ALIGNMENT(.literal.*) SORT_BY_ALIGNMENT(.text.*))

.rtc.data       0x0000000050000000        0x0
                0x0000000050000000                _rtc_data_start = ABSOLUTE (.)
 *(SORT_BY_ALIGNMENT(.rtc.data))
 *(SORT_BY_ALIGNMENT(.rtc.rodata))
 *rtc_wake_stub*.o(SORT_BY_ALIGNMENT(.data) SORT_BY_ALIGNMENT(.rodata) SORT_BY_ALIGNMENT(.data.*) SORT_BY_ALIGNMENT(.rodata.*) SORT_BY_ALIGNMENT(.bss) SORT_BY_ALIGNMENT(.bss.*))
                0x0000000050000000                _rtc_data_end = ABSOLUTE (.)

.rtc.bss        0x0000000050000000        0x0
                0x0000000050000000                _rtc_bss_start = ABSOLUTE (.)
 *rtc_wake_stub*.o(SORT_BY_ALIGNMENT(.bss) SORT_BY_ALIGNMENT(.bss.*))
 *rtc_wake_stub*.o(SORT_BY_ALIGNMENT(COMMON))
                0x0000000050000000                _rtc_bss_end = ABSOLUTE (.)

.iram0.vectors  0x0000000040080000      0x400
                0x0000000040080000                _init_start = ABSOLUTE (.)
                0x0000000000000000                . = 0x0
 *(SORT_BY_ALIGNMENT(.WindowVectors.text))
 .WindowVectors.text
                0x0000000040080000      0x16a zephyr/arch/arch/xtensa/core/libarch__xtensa__core.a(window_vectors.S.obj)
                0x0000000040080000                _WindowOverflow4
                0x0000000040080040                _WindowUnderflow4
                0x0000000040080050                _xt_alloca_exc
                0x0000000040080080                _WindowOverflow8
                0x00000000400800c0                _WindowUnderflow8
                0x0000000040080100                _WindowOverflow12
                0x0000000040080140                _WindowUnderflow12
                0x0000000000000180                . = 0x180
 *fill*         0x000000004008016a       0x16 
 *(SORT_BY_ALIGNMENT(.Level2InterruptVector.text))
 .Level2InterruptVector.text
                0x0000000040080180       0x29 zephyr/arch/arch/xtensa/core/libarch__xtensa__core.a(xtensa-asm2-util.S.obj)
                0x0000000040080180                _Level2Vector
                0x00000000000001c0                . = 0x1c0
 *fill*         0x00000000400801a9       0x17 
 *(SORT_BY_ALIGNMENT(.Level3InterruptVector.text))
 .Level3InterruptVector.text
                0x00000000400801c0       0x25 zephyr/arch/arch/xtensa/core/libarch__xtensa__core.a(xtensa-asm2-util.S.obj)
                                         0x29 (size before relaxing)
                0x00000000400801c0                _Level3Vector
                0x0000000000000200                . = 0x200
 *fill*         0x00000000400801e5       0x1b 
 *(SORT_BY_ALIGNMENT(.Level4InterruptVector.text))
 .Level4InterruptVector.text
                0x0000000040080200       0x25 zephyr/arch/arch/xtensa/core/libarch__xtensa__core.a(xtensa-asm2-util.S.obj)
                                         0x29 (size before relaxing)
                0x0000000040080200                _Level4Vector
                0x0000000000000240                . = 0x240
 *fill*         0x0000000040080225       0x1b 
 *(SORT_BY_ALIGNMENT(.Level5InterruptVector.text))
 .Level5InterruptVector.text
                0x0000000040080240       0x25 zephyr/arch/arch/xtensa/core/libarch__xtensa__core.a(xtensa-asm2-util.S.obj)
                                         0x29 (size before relaxing)
                0x0000000040080240                _Level5Vector
                0x0000000000000280                . = 0x280
 *fill*         0x0000000040080265       0x1b 
 *(SORT_BY_ALIGNMENT(.DebugExceptionVector.text))
 .DebugExceptionVector.text
                0x0000000040080280       0x25 zephyr/arch/arch/xtensa/core/libarch__xtensa__core.a(xtensa-asm2-util.S.obj)
                                         0x29 (size before relaxing)
                0x0000000040080280                _Level6Vector
                0x00000000000002c0                . = 0x2c0
 *fill*         0x00000000400802a5       0x1b 
 *(SORT_BY_ALIGNMENT(.NMIExceptionVector.text))
 .NMIExceptionVector.text
                0x00000000400802c0       0x25 zephyr/arch/arch/xtensa/core/libarch__xtensa__core.a(xtensa-asm2-util.S.obj)
                                         0x29 (size before relaxing)
                0x00000000400802c0                _Level7Vector
                0x0000000000000300                . = 0x300
 *fill*         0x00000000400802e5       0x1b 
 *(SORT_BY_ALIGNMENT(.KernelExceptionVector.text))
 .KernelExceptionVector.text
                0x0000000040080300        0x3 zephyr/arch/arch/xtensa/core/libarch__xtensa__core.a(xtensa-asm2-util.S.obj)
                0x0000000040080300                _KernelExceptionVector
                0x0000000000000340                . = 0x340
 *fill*         0x0000000040080303       0x3d 
 *(SORT_BY_ALIGNMENT(.UserExceptionVector.text))
 .UserExceptionVector.text
                0x0000000040080340       0x12 zephyr/arch/arch/xtensa/core/libarch__xtensa__core.a(xtensa-asm2-util.S.obj)
                0x0000000040080340                _Level1RealVector
                0x00000000000003c0                . = 0x3c0
 *fill*         0x0000000040080352       0x6e 
 *(SORT_BY_ALIGNMENT(.DoubleExceptionVector.text))
 .DoubleExceptionVector.text
                0x00000000400803c0        0x6 zephyr/arch/arch/xtensa/core/libarch__xtensa__core.a(xtensa-asm2-util.S.obj)
                0x00000000400803c0                _DoubleExceptionVector
                0x0000000000000400                . = 0x400
 *fill*         0x00000000400803c6       0x3a 
 *(SORT_BY_ALIGNMENT(.*Vector.literal))
 *(SORT_BY_ALIGNMENT(.UserEnter.literal))
 *(SORT_BY_ALIGNMENT(.UserEnter.text))
                0x0000000040080400                . = ALIGN (0x10)
 *(SORT_BY_ALIGNMENT(.entry.text))
 *(SORT_BY_ALIGNMENT(.init.literal))
 *(SORT_BY_ALIGNMENT(.init))
                0x0000000040080400                _init_end = ABSOLUTE (.)
                0x0000000000000000                _iram_start = ABSOLUTE (0x0)

devices         0x000000003ffb0000       0x84
                0x000000003ffb0000                __device_start = .
                0x000000003ffb0000                __device_PRE_KERNEL_1_start = .
 *(SORT_BY_NAME(SORT_BY_ALIGNMENT(.device_PRE_KERNEL_1[0-9]*)))
 .device_PRE_KERNEL_130
                0x000000003ffb0000       0x10 zephyr/libzephyr.a(clock_control_esp32.c.obj)
 .device_PRE_KERNEL_150
                0x000000003ffb0010       0x10 zephyr/drivers/serial/libdrivers__serial.a(uart_esp32.c.obj)
 *(SORT_BY_NAME(SORT_BY_ALIGNMENT(.device_PRE_KERNEL_1[1-9][0-9]*)))
                0x000000003ffb0020                __device_PRE_KERNEL_2_start = .
 *(SORT_BY_NAME(SORT_BY_ALIGNMENT(.device_PRE_KERNEL_2[0-9]*)))
 .device_PRE_KERNEL_20
                0x000000003ffb0020       0x10 zephyr/libzephyr.a(sys_clock_init.c.obj)
 .device_PRE_KERNEL_240
                0x000000003ffb0030       0x10 zephyr/libzephyr.a(pinmux_esp32.c.obj)
 *(SORT_BY_NAME(SORT_BY_ALIGNMENT(.device_PRE_KERNEL_2[1-9][0-9]*)))
                0x000000003ffb0040                __device_POST_KERNEL_start = .
 *(SORT_BY_NAME(SORT_BY_ALIGNMENT(.device_POST_KERNEL[0-9]*)))
 .device_POST_KERNEL50
                0x000000003ffb0040       0x20 zephyr/drivers/gpio/libdrivers__gpio.a(gpio_esp32.c.obj)
 .device_POST_KERNEL60
                0x000000003ffb0060       0x20 zephyr/drivers/i2c/libdrivers__i2c.a(i2c_esp32.c.obj)
 *(SORT_BY_NAME(SORT_BY_ALIGNMENT(.device_POST_KERNEL[1-9][0-9]*)))
                0x000000003ffb0080                __device_APPLICATION_start = .
 *(SORT_BY_NAME(SORT_BY_ALIGNMENT(.device_APPLICATION[0-9]*)))
 *(SORT_BY_NAME(SORT_BY_ALIGNMENT(.device_APPLICATION[1-9][0-9]*)))
                0x000000003ffb0080                __device_SMP_start = .
 *(SORT_BY_NAME(SORT_BY_ALIGNMENT(.device_SMP[0-9]*)))
 *(SORT_BY_NAME(SORT_BY_ALIGNMENT(.device_SMP[1-9][0-9]*)))
                0x000000003ffb0080                __device_end = .
 FILL mask 0x00
                0x000000003ffb0080                __device_init_status_start = .
                0x000000003ffb0084                . = (. + (((((__device_end - __device_start) / 0x10) + 0x1f) / 0x20) * 0x4))
 *fill*         0x000000003ffb0080        0x4 00
                0x000000003ffb0084                __device_init_status_end = .

initshell       0x000000003ffb0084        0x0
                0x000000003ffb0084                __shell_module_start = .
 *(SORT_BY_ALIGNMENT(.shell_module_*))
                0x000000003ffb0084                __shell_module_end = .
                0x000000003ffb0084                __shell_cmd_start = .
 *(SORT_BY_ALIGNMENT(.shell_cmd_*))
                0x000000003ffb0084                __shell_cmd_end = .

log_dynamic_sections
                0x000000003ffb0084        0x0
                0x000000003ffb0084                __log_dynamic_start = .
 *(SORT_BY_NAME(SORT_BY_ALIGNMENT(.log_dynamic_*)))
                0x000000003ffb0084                __log_dynamic_end = .

_static_thread_data_area
                0x000000003ffb0084        0x0
                0x000000003ffb0084                __static_thread_data_list_start = .
 *(SORT_BY_NAME(SORT_BY_ALIGNMENT(.__static_thread_data.static.*)))
                0x000000003ffb0084                __static_thread_data_list_end = .

k_timer_area    0x000000003ffb0084        0x0
                0x000000003ffb0084                _k_timer_list_start = .
 *(SORT_BY_NAME(SORT_BY_ALIGNMENT(._k_timer.static.*)))
                0x000000003ffb0084                _k_timer_list_end = .

k_mem_slab_area
                0x000000003ffb0084        0x0
                0x000000003ffb0084                _k_mem_slab_list_start = .
 *(SORT_BY_NAME(SORT_BY_ALIGNMENT(._k_mem_slab.static.*)))
                0x000000003ffb0084                _k_mem_slab_list_end = .

k_mem_pool_area
                0x000000003ffb0084        0x0
                0x000000003ffb0084                _k_mem_pool_list_start = .
 *(SORT_BY_NAME(SORT_BY_ALIGNMENT(._k_mem_pool.static.*)))
                0x000000003ffb0084                _k_mem_pool_list_end = .

k_heap_area     0x000000003ffb0084       0x14
                0x000000003ffb0084                _k_heap_list_start = .
 *(SORT_BY_NAME(SORT_BY_ALIGNMENT(._k_heap.static.*)))
 ._k_heap.static.poolheap__heap_mem_pool
                0x000000003ffb0084       0x14 zephyr/kernel/libkernel.a(mempool.c.obj)
                0x000000003ffb0084                poolheap__heap_mem_pool
                0x000000003ffb0098                _k_heap_list_end = .

k_mutex_area    0x000000003ffb0098       0x28
                0x000000003ffb0098                _k_mutex_list_start = .
 *(SORT_BY_NAME(SORT_BY_ALIGNMENT(._k_mutex.static.*)))
 ._k_mutex.static.cliblock
                0x000000003ffb0098       0x14 app/libapp.a(main.c.obj)
                0x000000003ffb0098                cliblock
 ._k_mutex.static.fdtable_lock
                0x000000003ffb00ac       0x14 zephyr/libzephyr.a(fdtable.c.obj)
                0x000000003ffb00c0                _k_mutex_list_end = .

k_stack_area    0x000000003ffb00c0        0x0
                0x000000003ffb00c0                _k_stack_list_start = .
 *(SORT_BY_NAME(SORT_BY_ALIGNMENT(._k_stack.static.*)))
                0x000000003ffb00c0                _k_stack_list_end = .

k_msgq_area     0x000000003ffb00c0        0x0
                0x000000003ffb00c0                _k_msgq_list_start = .
 *(SORT_BY_NAME(SORT_BY_ALIGNMENT(._k_msgq.static.*)))
                0x000000003ffb00c0                _k_msgq_list_end = .

k_mbox_area     0x000000003ffb00c0        0x0
                0x000000003ffb00c0                _k_mbox_list_start = .
 *(SORT_BY_NAME(SORT_BY_ALIGNMENT(._k_mbox.static.*)))
                0x000000003ffb00c0                _k_mbox_list_end = .

k_pipe_area     0x000000003ffb00c0        0x0
                0x000000003ffb00c0                _k_pipe_list_start = .
 *(SORT_BY_NAME(SORT_BY_ALIGNMENT(._k_pipe.static.*)))
                0x000000003ffb00c0                _k_pipe_list_end = .

k_sem_area      0x000000003ffb00c0        0x0
                0x000000003ffb00c0                _k_sem_list_start = .
 *(SORT_BY_NAME(SORT_BY_ALIGNMENT(._k_sem.static.*)))
                0x000000003ffb00c0                _k_sem_list_end = .

k_queue_area    0x000000003ffb00c0        0x0
                0x000000003ffb00c0                _k_queue_list_start = .
 *(SORT_BY_NAME(SORT_BY_ALIGNMENT(._k_queue.static.*)))
                0x000000003ffb00c0                _k_queue_list_end = .

_net_buf_pool_area
                0x000000003ffb00c0        0x0
                0x000000003ffb00c0                _net_buf_pool_list = .
 *(SORT_BY_NAME(SORT_BY_ALIGNMENT(._net_buf_pool.static.*)))

initlevel       0x0000000040080400       0x50
                0x0000000040080400                __init_start = .
                0x0000000040080400                __init_PRE_KERNEL_1_start = .
 *(SORT_BY_NAME(SORT_BY_ALIGNMENT(.init_PRE_KERNEL_1[0-9]*)))
 .init_PRE_KERNEL_130
                0x0000000040080400        0x8 zephyr/libzephyr.a(clock_control_esp32.c.obj)
 .init_PRE_KERNEL_130
                0x0000000040080408        0x8 zephyr/kernel/libkernel.a(kheap.c.obj)
 .init_PRE_KERNEL_150
                0x0000000040080410        0x8 zephyr/drivers/serial/libdrivers__serial.a(uart_esp32.c.obj)
 .init_PRE_KERNEL_160
                0x0000000040080418        0x8 zephyr/libzephyr.a(uart_console.c.obj)
 *(SORT_BY_NAME(SORT_BY_ALIGNMENT(.init_PRE_KERNEL_1[1-9][0-9]*)))
                0x0000000040080420                __init_PRE_KERNEL_2_start = .
 *(SORT_BY_NAME(SORT_BY_ALIGNMENT(.init_PRE_KERNEL_2[0-9]*)))
 .init_PRE_KERNEL_20
                0x0000000040080420        0x8 zephyr/libzephyr.a(sys_clock_init.c.obj)
 .init_PRE_KERNEL_240
                0x0000000040080428        0x8 zephyr/libzephyr.a(pinmux_esp32.c.obj)
 *(SORT_BY_NAME(SORT_BY_ALIGNMENT(.init_PRE_KERNEL_2[1-9][0-9]*)))
                0x0000000040080430                __init_POST_KERNEL_start = .
 *(SORT_BY_NAME(SORT_BY_ALIGNMENT(.init_POST_KERNEL[0-9]*)))
 .init_POST_KERNEL50
                0x0000000040080430       0x10 zephyr/drivers/gpio/libdrivers__gpio.a(gpio_esp32.c.obj)
 .init_POST_KERNEL60
                0x0000000040080440       0x10 zephyr/drivers/i2c/libdrivers__i2c.a(i2c_esp32.c.obj)
 *(SORT_BY_NAME(SORT_BY_ALIGNMENT(.init_POST_KERNEL[1-9][0-9]*)))
                0x0000000040080450                __init_APPLICATION_start = .
 *(SORT_BY_NAME(SORT_BY_ALIGNMENT(.init_APPLICATION[0-9]*)))
 *(SORT_BY_NAME(SORT_BY_ALIGNMENT(.init_APPLICATION[1-9][0-9]*)))
                0x0000000040080450                __init_SMP_start = .
 *(SORT_BY_NAME(SORT_BY_ALIGNMENT(.init_SMP[0-9]*)))
 *(SORT_BY_NAME(SORT_BY_ALIGNMENT(.init_SMP[1-9][0-9]*)))
                0x0000000040080450                __init_end = .

sw_isr_table    0x0000000040080450      0x100
                0x0000000040080450                . = ALIGN (0x0)
 *(SORT_BY_ALIGNMENT(.gnu.linkonce.sw_isr_table*))
 .gnu.linkonce.sw_isr_table*
                0x0000000040080450      0x100 zephyr/arch/common/libisr_tables.a(isr_tables.c.obj)
                0x0000000040080450                _sw_isr_table

initlevel_error
                0x0000000000000000        0x0
 *(SORT_BY_NAME(SORT_BY_ALIGNMENT(.init_[_A-Z0-9]*)))
                0x0000000000000001                ASSERT ((SIZEOF (initlevel_error) == 0x0), Undefined initialization levels used.)

app_shmem_regions
                0x0000000040080550        0x0
                0x0000000040080550                __app_shmem_regions_start = .
 *(SORT_BY_NAME(SORT_BY_ALIGNMENT(.app_regions.*)))
                0x0000000040080550                __app_shmem_regions_end = .

bt_l2cap_fixed_chan_area
                0x0000000040080550        0x0
                0x0000000040080550                _bt_l2cap_fixed_chan_list_start = .
 *(SORT_BY_NAME(SORT_BY_ALIGNMENT(._bt_l2cap_fixed_chan.static.*)))
                0x0000000040080550                _bt_l2cap_fixed_chan_list_end = .

bt_gatt_service_static_area
                0x0000000040080550        0x0
                0x0000000040080550                _bt_gatt_service_static_list_start = .
 *(SORT_BY_NAME(SORT_BY_ALIGNMENT(._bt_gatt_service_static.static.*)))
                0x0000000040080550                _bt_gatt_service_static_list_end = .

log_const_sections
                0x0000000040080550        0x0
                0x0000000040080550                __log_const_start = .
 *(SORT_BY_NAME(SORT_BY_ALIGNMENT(.log_const_*)))
                0x0000000040080550                __log_const_end = .

log_backends_sections
                0x0000000040080550        0x0
                0x0000000040080550                __log_backends_start = .
 *(SORT_BY_ALIGNMENT(._log_backend.*))
                0x0000000040080550                __log_backends_end = .

shell_area      0x0000000040080550        0x0
                0x0000000040080550                _shell_list_start = .
 *(SORT_BY_NAME(SORT_BY_ALIGNMENT(._shell.static.*)))
                0x0000000040080550                _shell_list_end = .

shell_root_cmds_sections
                0x0000000040080550        0x0
                0x0000000040080550                __shell_root_cmds_start = .
 *(SORT_BY_NAME(SORT_BY_ALIGNMENT(.shell_root_cmd_*)))
                0x0000000040080550                __shell_root_cmds_end = .

font_entry_sections
                0x0000000040080550        0x0
                0x0000000040080550                __font_entry_start = .
 *(SORT_BY_NAME(SORT_BY_ALIGNMENT(._cfb_font.*)))
                0x0000000040080550                __font_entry_end = .

tracing_backend_area
                0x0000000040080550        0x0
                0x0000000040080550                _tracing_backend_list_start = .
 *(SORT_BY_NAME(SORT_BY_ALIGNMENT(._tracing_backend.static.*)))
                0x0000000040080550                _tracing_backend_list_end = .

text            0x0000000040080550     0x39ea
                0x0000000040080550                _iram_text_start = ABSOLUTE (.)
 *(SORT_BY_ALIGNMENT(.iram1) SORT_BY_ALIGNMENT(.iram1.*))
 .iram1.literal
                0x0000000040080550       0x24 zephyr/libzephyr.a(soc.c.obj)
                                         0x2c (size before relaxing)
 .literal.k_msleep$constprop$9
                0x0000000040080574        0x8 app/libapp.a(main.c.obj)
                                          0xc (size before relaxing)
 .literal.blink1
                0x000000004008057c       0x24 app/libapp.a(main.c.obj)
                                         0x40 (size before relaxing)
 .literal.temperatura
                0x00000000400805a0       0x48 app/libapp.a(main.c.obj)
                                        0x110 (size before relaxing)
 .literal.main  0x00000000400805e8       0x18 app/libapp.a(main.c.obj)
                                         0x3c (size before relaxing)
 .literal.print_digits
                0x0000000040080600        0x4 zephyr/libzephyr.a(printk.c.obj)
                                          0xc (size before relaxing)
 .literal.char_out
                0x0000000040080604        0x4 zephyr/libzephyr.a(printk.c.obj)
 .literal.__printk_hook_install
                0x0000000040080608        0x0 zephyr/libzephyr.a(printk.c.obj)
                                          0x4 (size before relaxing)
 .literal.z_vprintk
                0x0000000040080608        0x0 zephyr/libzephyr.a(printk.c.obj)
                                          0x4 (size before relaxing)
 .literal.vprintk
                0x0000000040080608        0x4 zephyr/libzephyr.a(printk.c.obj)
                                          0x8 (size before relaxing)
 .literal.printk
                0x000000004008060c        0x0 zephyr/libzephyr.a(printk.c.obj)
                                          0x4 (size before relaxing)
 .literal.z_thread_entry
                0x000000004008060c        0x0 zephyr/libzephyr.a(thread_entry.c.obj)
                                          0x8 (size before relaxing)
 .literal.chunk_field
                0x000000004008060c        0x4 zephyr/libzephyr.a(heap.c.obj)
 .literal.chunk_set
                0x0000000040080610        0x0 zephyr/libzephyr.a(heap.c.obj)
                                          0x4 (size before relaxing)
 .literal.chunk_size
                0x0000000040080610        0x0 zephyr/libzephyr.a(heap.c.obj)
                                          0x4 (size before relaxing)
 .literal.set_chunk_used
                0x0000000040080610        0x0 zephyr/libzephyr.a(heap.c.obj)
                                          0x4 (size before relaxing)
 .literal.set_chunk_size
                0x0000000040080610        0x0 zephyr/libzephyr.a(heap.c.obj)
                                          0x4 (size before relaxing)
 .literal.bucket_idx
                0x0000000040080610        0x0 zephyr/libzephyr.a(heap.c.obj)
                                          0x4 (size before relaxing)
 .literal.free_list_add
                0x0000000040080610        0x0 zephyr/libzephyr.a(heap.c.obj)
                                         0x24 (size before relaxing)
 .literal.sys_heap_init
                0x0000000040080610        0x4 zephyr/libzephyr.a(heap.c.obj)
                                         0x30 (size before relaxing)
 .literal.arch_printk_char_out
                0x0000000040080614        0x4 zephyr/libzephyr.a(soc.c.obj)
                                          0x8 (size before relaxing)
 .literal.uart_console_init
                0x0000000040080618        0xc zephyr/libzephyr.a(uart_console.c.obj)
                                         0x18 (size before relaxing)
 .literal.console_out
                0x0000000040080624        0x0 zephyr/libzephyr.a(uart_console.c.obj)
                                          0x4 (size before relaxing)
 .literal.clock_control_esp32_on
                0x0000000040080624        0x4 zephyr/libzephyr.a(clock_control_esp32.c.obj)
 .literal.clock_control_esp32_get_status
                0x0000000040080628        0x0 zephyr/libzephyr.a(clock_control_esp32.c.obj)
                                          0x4 (size before relaxing)
 .literal.clock_control_esp32_get_rate
                0x0000000040080628        0xc zephyr/libzephyr.a(clock_control_esp32.c.obj)
 .literal.clock_control_esp32_init
                0x0000000040080634       0x38 zephyr/libzephyr.a(clock_control_esp32.c.obj)
                                         0x68 (size before relaxing)
 .literal.clock_control_esp32_off
                0x000000004008066c        0x0 zephyr/libzephyr.a(clock_control_esp32.c.obj)
                                          0x4 (size before relaxing)
 .literal.set_reg
                0x000000004008066c        0x8 zephyr/libzephyr.a(pinmux_esp32.c.obj)
 .literal.pinmux_set
                0x0000000040080674        0x8 zephyr/libzephyr.a(pinmux_esp32.c.obj)
                                          0xc (size before relaxing)
 .literal.pinmux_input
                0x000000004008067c        0x8 zephyr/libzephyr.a(pinmux_esp32.c.obj)
                                          0xc (size before relaxing)
 .literal.pinmux_initialize
                0x0000000040080684        0x0 zephyr/libzephyr.a(pinmux_esp32.c.obj)
                                          0x4 (size before relaxing)
 .literal.pinmux_pullup
                0x0000000040080684        0x0 zephyr/libzephyr.a(pinmux_esp32.c.obj)
                                          0x4 (size before relaxing)
 .literal.pinmux_get
                0x0000000040080684        0x0 zephyr/libzephyr.a(pinmux_esp32.c.obj)
                                          0x8 (size before relaxing)
 .literal.ccompare_isr
                0x0000000040080684        0xc zephyr/libzephyr.a(xtensa_sys_timer.c.obj)
                                         0x10 (size before relaxing)
 .literal.z_clock_driver_init
                0x0000000040080690        0x4 zephyr/libzephyr.a(xtensa_sys_timer.c.obj)
                                          0x8 (size before relaxing)
 .literal.z_clock_set_timeout
                0x0000000040080694        0x8 zephyr/libzephyr.a(xtensa_sys_timer.c.obj)
                                         0x14 (size before relaxing)
 .literal.z_clock_elapsed
                0x000000004008069c        0x0 zephyr/libzephyr.a(xtensa_sys_timer.c.obj)
                                          0x8 (size before relaxing)
 .literal.z_xtensa_fatal_error
                0x000000004008069c        0x0 zephyr/arch/arch/xtensa/core/libarch__xtensa__core.a(fatal.c.obj)
                                          0x8 (size before relaxing)
 .literal       0x000000004008069c        0x4 zephyr/arch/arch/xtensa/core/libarch__xtensa__core.a(xtensa-asm2-util.S.obj)
                                          0x8 (size before relaxing)
 .literal.xtensa_init_stack
                0x00000000400806a0        0x8 zephyr/arch/arch/xtensa/core/libarch__xtensa__core.a(xtensa-asm2.c.obj)
                                          0xc (size before relaxing)
 .literal.arch_new_thread
                0x00000000400806a8        0x0 zephyr/arch/arch/xtensa/core/libarch__xtensa__core.a(xtensa-asm2.c.obj)
                                          0x4 (size before relaxing)
 .literal.z_irq_spurious
                0x00000000400806a8        0x0 zephyr/arch/arch/xtensa/core/libarch__xtensa__core.a(xtensa-asm2.c.obj)
                                          0x4 (size before relaxing)
 .literal.xtensa_int2_c
                0x00000000400806a8       0x10 zephyr/arch/arch/xtensa/core/libarch__xtensa__core.a(xtensa-asm2.c.obj)
                                         0x14 (size before relaxing)
 .literal.xtensa_int3_c
                0x00000000400806b8       0x10 zephyr/arch/arch/xtensa/core/libarch__xtensa__core.a(xtensa-asm2.c.obj)
                                         0x24 (size before relaxing)
 .literal.xtensa_int4_c
                0x00000000400806c8       0x14 zephyr/arch/arch/xtensa/core/libarch__xtensa__core.a(xtensa-asm2.c.obj)
                                         0x1c (size before relaxing)
 .literal.xtensa_int5_c
                0x00000000400806dc        0xc zephyr/arch/arch/xtensa/core/libarch__xtensa__core.a(xtensa-asm2.c.obj)
                                         0x14 (size before relaxing)
 .literal.xtensa_int6_c
                0x00000000400806e8        0x0 zephyr/arch/arch/xtensa/core/libarch__xtensa__core.a(xtensa-asm2.c.obj)
                                          0x4 (size before relaxing)
 .literal.xtensa_int7_c
                0x00000000400806e8        0x4 zephyr/arch/arch/xtensa/core/libarch__xtensa__core.a(xtensa-asm2.c.obj)
                                          0xc (size before relaxing)
 .literal.xtensa_excint1_c
                0x00000000400806ec       0x10 zephyr/arch/arch/xtensa/core/libarch__xtensa__core.a(xtensa-asm2.c.obj)
                                         0x20 (size before relaxing)
 .literal.__stdout_hook_install
                0x00000000400806fc        0x4 zephyr/lib/libc/minimal/liblib__libc__minimal.a(stdout_console.c.obj)
 .literal.gpio_esp32_pin_interrupt_configure
                0x0000000040080700        0xc zephyr/drivers/gpio/libdrivers__gpio.a(gpio_esp32.c.obj)
                                         0x20 (size before relaxing)
 .literal.gpio_esp32_isr
                0x000000004008070c        0x8 zephyr/drivers/gpio/libdrivers__gpio.a(gpio_esp32.c.obj)
                                         0x10 (size before relaxing)
 .literal.gpio_esp32_init
                0x0000000040080714        0xc zephyr/drivers/gpio/libdrivers__gpio.a(gpio_esp32.c.obj)
                                         0x10 (size before relaxing)
 .literal.gpio_esp32_config
                0x0000000040080720        0x0 zephyr/drivers/gpio/libdrivers__gpio.a(gpio_esp32.c.obj)
                                          0x4 (size before relaxing)
 .literal.i2c_esp32_isr
                0x0000000040080720        0x8 zephyr/drivers/i2c/libdrivers__i2c.a(i2c_esp32.c.obj)
                                          0xc (size before relaxing)
 .literal.i2c_esp32_reset_fifo$isra$0
                0x0000000040080728        0x8 zephyr/drivers/i2c/libdrivers__i2c.a(i2c_esp32.c.obj)
                                          0xc (size before relaxing)
 .literal.i2c_esp32_write_addr
                0x0000000040080730        0x4 zephyr/drivers/i2c/libdrivers__i2c.a(i2c_esp32.c.obj)
                                          0x8 (size before relaxing)
 .literal.i2c_esp32_configure_pins
                0x0000000040080734       0x14 zephyr/drivers/i2c/libdrivers__i2c.a(i2c_esp32.c.obj)
                                         0x18 (size before relaxing)
 .literal.i2c_esp32_configure
                0x0000000040080748       0x3c zephyr/drivers/i2c/libdrivers__i2c.a(i2c_esp32.c.obj)
                                         0x4c (size before relaxing)
 .literal.i2c_esp32_transmit
                0x0000000040080784        0x8 zephyr/drivers/i2c/libdrivers__i2c.a(i2c_esp32.c.obj)
                                         0x14 (size before relaxing)
 .literal.i2c_esp32_init
                0x000000004008078c       0x14 zephyr/drivers/i2c/libdrivers__i2c.a(i2c_esp32.c.obj)
                                         0x2c (size before relaxing)
 .literal.i2c_esp32_wait$isra$1
                0x00000000400807a0        0x4 zephyr/drivers/i2c/libdrivers__i2c.a(i2c_esp32.c.obj)
                                          0xc (size before relaxing)
 .literal.i2c_esp32_transfer
                0x00000000400807a4        0xc zephyr/drivers/i2c/libdrivers__i2c.a(i2c_esp32.c.obj)
                                         0x4c (size before relaxing)
 .literal.uart_esp32_configure
                0x00000000400807b0        0x8 zephyr/drivers/serial/libdrivers__serial.a(uart_esp32.c.obj)
                                         0x20 (size before relaxing)
 .literal.uart_esp32_init
                0x00000000400807b8        0x0 zephyr/drivers/serial/libdrivers__serial.a(uart_esp32.c.obj)
                                          0x8 (size before relaxing)
 .literal.z_sys_init_run_level
                0x00000000400807b8        0xc zephyr/kernel/libkernel.a(device.c.obj)
 .literal.z_device_ready
                0x00000000400807c4        0x0 zephyr/kernel/libkernel.a(device.c.obj)
                                          0x8 (size before relaxing)
 .literal.z_impl_device_get_binding
                0x00000000400807c4        0x0 zephyr/kernel/libkernel.a(device.c.obj)
                                         0x14 (size before relaxing)
 .literal.k_sys_fatal_error_handler
                0x00000000400807c4        0x0 zephyr/kernel/libkernel.a(fatal.c.obj)
                                          0x4 (size before relaxing)
 .literal.z_fatal_error
                0x00000000400807c4        0x0 zephyr/kernel/libkernel.a(fatal.c.obj)
                                          0xc (size before relaxing)
 .literal.bg_thread_main
                0x00000000400807c4       0x14 zephyr/kernel/libkernel.a(init.c.obj)
                                         0x28 (size before relaxing)
 .literal.z_cstart
                0x00000000400807d8       0x2c zephyr/kernel/libkernel.a(init.c.obj)
                                         0x5c (size before relaxing)
 .literal.z_impl_k_mutex_lock
                0x0000000040080804        0x4 zephyr/kernel/libkernel.a(mutex.c.obj)
                                         0x18 (size before relaxing)
 .literal.z_impl_k_mutex_unlock
                0x0000000040080808        0x0 zephyr/kernel/libkernel.a(mutex.c.obj)
                                         0x1c (size before relaxing)
 .literal.z_reset_time_slice
                0x0000000040080808        0x4 zephyr/kernel/libkernel.a(sched.c.obj)
                                         0x10 (size before relaxing)
 .literal.z_swap_irqlock
                0x000000004008080c        0x0 zephyr/kernel/libkernel.a(sched.c.obj)
                                          0xc (size before relaxing)
 .literal.z_swap$isra$14
                0x000000004008080c        0x0 zephyr/kernel/libkernel.a(sched.c.obj)
                                          0xc (size before relaxing)
 .literal.k_sched_time_slice_set
                0x000000004008080c        0x4 zephyr/kernel/libkernel.a(sched.c.obj)
                                         0x10 (size before relaxing)
 .literal.z_reschedule
                0x0000000040080810        0x0 zephyr/kernel/libkernel.a(sched.c.obj)
                                          0x8 (size before relaxing)
 .literal.z_reschedule_irqlock
                0x0000000040080810        0x0 zephyr/kernel/libkernel.a(sched.c.obj)
                                          0x4 (size before relaxing)
 .literal.z_reschedule_unlocked
                0x0000000040080810        0x0 zephyr/kernel/libkernel.a(sched.c.obj)
                                          0x4 (size before relaxing)
 .literal.k_sched_lock
                0x0000000040080810        0x0 zephyr/kernel/libkernel.a(sched.c.obj)
                                          0x4 (size before relaxing)
 .literal.z_get_next_switch_handle
                0x0000000040080810        0x0 zephyr/kernel/libkernel.a(sched.c.obj)
                                          0x4 (size before relaxing)
 .literal.update_cache
                0x0000000040080810        0x4 zephyr/kernel/libkernel.a(sched.c.obj)
                                         0x10 (size before relaxing)
 .literal.k_sched_unlock
                0x0000000040080814        0x0 zephyr/kernel/libkernel.a(sched.c.obj)
                                          0xc (size before relaxing)
 .literal.ready_thread
                0x0000000040080814        0x0 zephyr/kernel/libkernel.a(sched.c.obj)
                                          0xc (size before relaxing)
 .literal.z_ready_thread
                0x0000000040080814        0x0 zephyr/kernel/libkernel.a(sched.c.obj)
                                          0x4 (size before relaxing)
 .literal.z_thread_timeout
                0x0000000040080814        0x0 zephyr/kernel/libkernel.a(sched.c.obj)
                                          0x8 (size before relaxing)
 .literal.z_sched_start
                0x0000000040080814        0x4 zephyr/kernel/libkernel.a(sched.c.obj)
                                          0xc (size before relaxing)
 .literal.z_move_thread_to_end_of_prio_q
                0x0000000040080818        0x0 zephyr/kernel/libkernel.a(sched.c.obj)
                                         0x10 (size before relaxing)
 .literal.z_time_slice
                0x0000000040080818        0x0 zephyr/kernel/libkernel.a(sched.c.obj)
                                         0x18 (size before relaxing)
 .literal.z_impl_k_thread_suspend
                0x0000000040080818        0x0 zephyr/kernel/libkernel.a(sched.c.obj)
                                         0x14 (size before relaxing)
 .literal.z_thread_single_abort
                0x0000000040080818        0x0 zephyr/kernel/libkernel.a(sched.c.obj)
                                         0x20 (size before relaxing)
 .literal.unready_thread
                0x0000000040080818        0x0 zephyr/kernel/libkernel.a(sched.c.obj)
                                          0xc (size before relaxing)
 .literal.z_remove_thread_from_ready_q
                0x0000000040080818        0x0 zephyr/kernel/libkernel.a(sched.c.obj)
                                          0x4 (size before relaxing)
 .literal.z_tick_sleep$part$23
                0x0000000040080818        0x4 zephyr/kernel/libkernel.a(sched.c.obj)
                                         0x1c (size before relaxing)
 .literal.add_to_waitq_locked
                0x000000004008081c        0x0 zephyr/kernel/libkernel.a(sched.c.obj)
                                          0x4 (size before relaxing)
 .literal.pend  0x000000004008081c        0x0 zephyr/kernel/libkernel.a(sched.c.obj)
                                          0xc (size before relaxing)
 .literal.z_pend_curr
                0x000000004008081c        0x0 zephyr/kernel/libkernel.a(sched.c.obj)
                                          0xc (size before relaxing)
 .literal.z_set_prio
                0x000000004008081c        0x0 zephyr/kernel/libkernel.a(sched.c.obj)
                                         0x10 (size before relaxing)
 .literal.z_unpend_first_thread
                0x000000004008081c        0x0 zephyr/kernel/libkernel.a(sched.c.obj)
                                          0xc (size before relaxing)
 .literal.z_sched_init
                0x000000004008081c        0x0 zephyr/kernel/libkernel.a(sched.c.obj)
                                          0xc (size before relaxing)
 .literal.z_impl_k_yield
                0x000000004008081c        0x0 zephyr/kernel/libkernel.a(sched.c.obj)
                                         0x18 (size before relaxing)
 .literal.z_impl_k_sleep
                0x000000004008081c        0x4 zephyr/kernel/libkernel.a(sched.c.obj)
                                         0x1c (size before relaxing)
 .literal.z_impl_k_current_get
                0x0000000040080820        0x0 zephyr/kernel/libkernel.a(sched.c.obj)
                                          0x4 (size before relaxing)
 .literal.z_impl_k_sem_give
                0x0000000040080820        0x4 zephyr/kernel/libkernel.a(sem.c.obj)
                                         0x10 (size before relaxing)
 .literal.z_impl_k_sem_take
                0x0000000040080824        0x0 zephyr/kernel/libkernel.a(sem.c.obj)
                                          0x8 (size before relaxing)
 .literal.z_impl_k_thread_start
                0x0000000040080824        0x0 zephyr/kernel/libkernel.a(thread.c.obj)
                                          0x4 (size before relaxing)
 .literal.z_setup_new_thread
                0x0000000040080824        0x0 zephyr/kernel/libkernel.a(thread.c.obj)
                                          0x8 (size before relaxing)
 .literal.z_impl_k_thread_create
                0x0000000040080824        0x0 zephyr/kernel/libkernel.a(thread.c.obj)
                                         0x10 (size before relaxing)
 .literal.z_init_static_threads
                0x0000000040080824        0x4 zephyr/kernel/libkernel.a(thread.c.obj)
                                         0x20 (size before relaxing)
 .literal.z_impl_k_thread_abort
                0x0000000040080828        0x0 zephyr/kernel/libkernel.a(thread_abort.c.obj)
                                         0x14 (size before relaxing)
 .literal.elapsed
                0x0000000040080828        0x4 zephyr/kernel/libkernel.a(timeout.c.obj)
                                          0x8 (size before relaxing)
 .literal.remove_timeout
                0x000000004008082c        0x4 zephyr/kernel/libkernel.a(timeout.c.obj)
 .literal.next_timeout
                0x0000000040080830        0x4 zephyr/kernel/libkernel.a(timeout.c.obj)
                                         0x10 (size before relaxing)
 .literal.z_add_timeout
                0x0000000040080834        0x4 zephyr/kernel/libkernel.a(timeout.c.obj)
                                         0x18 (size before relaxing)
 .literal.z_abort_timeout
                0x0000000040080838        0x0 zephyr/kernel/libkernel.a(timeout.c.obj)
                                          0x4 (size before relaxing)
 .literal.z_get_next_timeout_expiry
                0x0000000040080838        0x0 zephyr/kernel/libkernel.a(timeout.c.obj)
                                          0x4 (size before relaxing)
 .literal.z_set_timeout_expiry
                0x0000000040080838        0x0 zephyr/kernel/libkernel.a(timeout.c.obj)
                                          0x8 (size before relaxing)
 .literal.z_clock_announce
                0x0000000040080838        0x0 zephyr/kernel/libkernel.a(timeout.c.obj)
                                         0x24 (size before relaxing)
 .literal.z_tick_get
                0x0000000040080838        0x0 zephyr/kernel/libkernel.a(timeout.c.obj)
                                          0x8 (size before relaxing)
 .literal.z_tick_get_32
                0x0000000040080838        0x0 zephyr/kernel/libkernel.a(timeout.c.obj)
                                          0x4 (size before relaxing)
 .literal.idle  0x0000000040080838        0x0 zephyr/kernel/libkernel.a(idle.c.obj)
                                          0xc (size before relaxing)
 .literal.k_heap_init
                0x0000000040080838        0x0 zephyr/kernel/libkernel.a(kheap.c.obj)
                                          0x4 (size before relaxing)
 .literal.statics_init
                0x0000000040080838        0x8 zephyr/kernel/libkernel.a(kheap.c.obj)
                                          0xc (size before relaxing)
 .iram1         0x0000000040080840       0x64 zephyr/libzephyr.a(soc.c.obj)
                                         0x68 (size before relaxing)
                0x0000000040080840                __start
 *(SORT_BY_ALIGNMENT(.iram0.literal) SORT_BY_ALIGNMENT(.iram.literal) SORT_BY_ALIGNMENT(.iram.text.literal) SORT_BY_ALIGNMENT(.iram0.text) SORT_BY_ALIGNMENT(.iram.text))
 .iram0.text    0x00000000400808a4       0x2d zephyr/arch/arch/xtensa/core/libarch__xtensa__core.a(xtensa-asm2-util.S.obj)
                0x00000000400808a4                _Level1Vector
 *(SORT_BY_ALIGNMENT(.literal) SORT_BY_ALIGNMENT(.text) SORT_BY_ALIGNMENT(.literal.*) SORT_BY_ALIGNMENT(.text.*))
 *fill*         0x00000000400808d1        0x3 
 .text.k_msleep$constprop$9
                0x00000000400808d4       0x10 app/libapp.a(main.c.obj)
                                         0x13 (size before relaxing)
 *fill*         0x00000000400808e4        0x0 
 .text.blink1   0x00000000400808e4       0x9e app/libapp.a(main.c.obj)
                                         0xa6 (size before relaxing)
                0x00000000400808e4                blink1
 *fill*         0x0000000040080982        0x2 
 .text.temperatura
                0x0000000040080984      0x1eb app/libapp.a(main.c.obj)
                                        0x278 (size before relaxing)
                0x0000000040080984                temperatura
 *fill*         0x0000000040080b6f        0x1 
 .text.main     0x0000000040080b70       0x68 app/libapp.a(main.c.obj)
                                         0x78 (size before relaxing)
                0x0000000040080b70                main
 .text.print_digits
                0x0000000040080bd8       0xb4 zephyr/libzephyr.a(printk.c.obj)
                                         0xb8 (size before relaxing)
 .text.char_out
                0x0000000040080c8c       0x18 zephyr/libzephyr.a(printk.c.obj)
 .text.__printk_hook_install
                0x0000000040080ca4        0xa zephyr/libzephyr.a(printk.c.obj)
                0x0000000040080ca4                __printk_hook_install
 *fill*         0x0000000040080cae        0x2 
 .text.z_vprintk
                0x0000000040080cb0      0x310 zephyr/libzephyr.a(printk.c.obj)
                0x0000000040080cb0                z_vprintk
 .text.vprintk  0x0000000040080fc0       0x1c zephyr/libzephyr.a(printk.c.obj)
                0x0000000040080fc0                vprintk
 .text.printk   0x0000000040080fdc       0x22 zephyr/libzephyr.a(printk.c.obj)
                                         0x26 (size before relaxing)
                0x0000000040080fdc                printk
 *fill*         0x0000000040080ffe        0x2 
 .text.z_thread_entry
                0x0000000040081000       0x14 zephyr/libzephyr.a(thread_entry.c.obj)
                                         0x18 (size before relaxing)
                0x0000000040081000                z_thread_entry
 .text.chunk_field
                0x0000000040081014       0x26 zephyr/libzephyr.a(heap.c.obj)
 *fill*         0x000000004008103a        0x2 
 .text.chunk_set
                0x000000004008103c       0x26 zephyr/libzephyr.a(heap.c.obj)
 *fill*         0x0000000040081062        0x2 
 .text.chunk_size
                0x0000000040081064       0x11 zephyr/libzephyr.a(heap.c.obj)
                                         0x15 (size before relaxing)
 *fill*         0x0000000040081075        0x3 
 .text.set_chunk_used
                0x0000000040081078       0x3f zephyr/libzephyr.a(heap.c.obj)
 *fill*         0x00000000400810b7        0x1 
 .text.set_chunk_size
                0x00000000400810b8       0x14 zephyr/libzephyr.a(heap.c.obj)
 .text.bucket_idx
                0x00000000400810cc       0x24 zephyr/libzephyr.a(heap.c.obj)
 .text.free_list_add
                0x00000000400810f0       0x8a zephyr/libzephyr.a(heap.c.obj)
                                         0xa2 (size before relaxing)
 *fill*         0x000000004008117a        0x2 
 .text.sys_heap_init
                0x000000004008117c       0xa8 zephyr/libzephyr.a(heap.c.obj)
                                         0xc4 (size before relaxing)
                0x000000004008117c                sys_heap_init
 .text.arch_printk_char_out
                0x0000000040081224       0x1b zephyr/libzephyr.a(soc.c.obj)
                0x0000000040081224                arch_printk_char_out
 *fill*         0x000000004008123f        0x1 
 .text.uart_console_init
                0x0000000040081240       0x20 zephyr/libzephyr.a(uart_console.c.obj)
                                         0x28 (size before relaxing)
 .text.console_out
                0x0000000040081260       0x22 zephyr/libzephyr.a(uart_console.c.obj)
 *fill*         0x0000000040081282        0x2 
 .text.clock_control_esp32_on
                0x0000000040081284       0x3d zephyr/libzephyr.a(clock_control_esp32.c.obj)
 *fill*         0x00000000400812c1        0x3 
 .text.clock_control_esp32_get_status
                0x00000000400812c4       0x27 zephyr/libzephyr.a(clock_control_esp32.c.obj)
 *fill*         0x00000000400812eb        0x1 
 .text.clock_control_esp32_get_rate
                0x00000000400812ec       0x3c zephyr/libzephyr.a(clock_control_esp32.c.obj)
 .text.clock_control_esp32_init
                0x0000000040081328      0x1d7 zephyr/libzephyr.a(clock_control_esp32.c.obj)
                                        0x1db (size before relaxing)
 *fill*         0x00000000400814ff        0x1 
 .text.clock_control_esp32_off
                0x0000000040081500       0x3d zephyr/libzephyr.a(clock_control_esp32.c.obj)
 *fill*         0x000000004008153d        0x3 
 .text.set_reg  0x0000000040081540       0x34 zephyr/libzephyr.a(pinmux_esp32.c.obj)
 .text.pinmux_set
                0x0000000040081574       0x20 zephyr/libzephyr.a(pinmux_esp32.c.obj)
 .text.pinmux_input
                0x0000000040081594       0x5a zephyr/libzephyr.a(pinmux_esp32.c.obj)
                                         0x5e (size before relaxing)
 *fill*         0x00000000400815ee        0x2 
 .text.pinmux_initialize
                0x00000000400815f0       0x1f zephyr/libzephyr.a(pinmux_esp32.c.obj)
 *fill*         0x000000004008160f        0x1 
 .text.pinmux_pullup
                0x0000000040081610       0x2a zephyr/libzephyr.a(pinmux_esp32.c.obj)
                                         0x2d (size before relaxing)
 *fill*         0x000000004008163a        0x2 
 .text.pinmux_get
                0x000000004008163c       0x2a zephyr/libzephyr.a(pinmux_esp32.c.obj)
 *fill*         0x0000000040081666        0x2 
 .text.ccompare_isr
                0x0000000040081668       0x32 zephyr/libzephyr.a(xtensa_sys_timer.c.obj)
 *fill*         0x000000004008169a        0x2 
 .text.z_clock_driver_init
                0x000000004008169c       0x21 zephyr/libzephyr.a(xtensa_sys_timer.c.obj)
                0x000000004008169c                z_clock_driver_init
 *fill*         0x00000000400816bd        0x3 
 .text.z_clock_set_timeout
                0x00000000400816c0       0x5f zephyr/libzephyr.a(xtensa_sys_timer.c.obj)
                0x00000000400816c0                z_clock_set_timeout
 *fill*         0x000000004008171f        0x1 
 .text.z_clock_elapsed
                0x0000000040081720       0x22 zephyr/libzephyr.a(xtensa_sys_timer.c.obj)
                0x0000000040081720                z_clock_elapsed
 *fill*         0x0000000040081742        0x2 
 .text.z_xtensa_fatal_error
                0x0000000040081744       0x16 zephyr/arch/arch/xtensa/core/libarch__xtensa__core.a(fatal.c.obj)
                                         0x1a (size before relaxing)
                0x0000000040081744                z_xtensa_fatal_error
 *fill*         0x000000004008175a        0x2 
 .text          0x000000004008175c      0x1ef zephyr/arch/arch/xtensa/core/libarch__xtensa__core.a(xtensa-asm2-util.S.obj)
                                        0x1f3 (size before relaxing)
                0x000000004008175c                xtensa_spill_reg_windows
                0x000000004008177c                xtensa_save_high_regs
                0x00000000400817c4                xtensa_restore_high_regs
                0x00000000400817f9                _restore_context
                0x0000000040081830                xtensa_switch
 *fill*         0x000000004008194b        0x1 
 .text.xtensa_init_stack
                0x000000004008194c       0x51 zephyr/arch/arch/xtensa/core/libarch__xtensa__core.a(xtensa-asm2.c.obj)
                                         0x55 (size before relaxing)
                0x000000004008194c                xtensa_init_stack
 *fill*         0x000000004008199d        0x3 
 .text.arch_new_thread
                0x00000000400819a0       0x15 zephyr/arch/arch/xtensa/core/libarch__xtensa__core.a(xtensa-asm2.c.obj)
                                         0x19 (size before relaxing)
                0x00000000400819a0                arch_new_thread
 *fill*         0x00000000400819b5        0x3 
 .text.z_irq_spurious
                0x00000000400819b8       0x12 zephyr/arch/arch/xtensa/core/libarch__xtensa__core.a(xtensa-asm2.c.obj)
                                         0x16 (size before relaxing)
                0x00000000400819b8                z_irq_spurious
 *fill*         0x00000000400819ca        0x2 
 .text.xtensa_int2_c
                0x00000000400819cc       0x54 zephyr/arch/arch/xtensa/core/libarch__xtensa__core.a(xtensa-asm2.c.obj)
                0x00000000400819cc                xtensa_int2_c
 .text.xtensa_int3_c
                0x0000000040081a20       0x7a zephyr/arch/arch/xtensa/core/libarch__xtensa__core.a(xtensa-asm2.c.obj)
                0x0000000040081a20                xtensa_int3_c
 *fill*         0x0000000040081a9a        0x2 
 .text.xtensa_int4_c
                0x0000000040081a9c       0x62 zephyr/arch/arch/xtensa/core/libarch__xtensa__core.a(xtensa-asm2.c.obj)
                0x0000000040081a9c                xtensa_int4_c
 *fill*         0x0000000040081afe        0x2 
 .text.xtensa_int5_c
                0x0000000040081b00       0x58 zephyr/arch/arch/xtensa/core/libarch__xtensa__core.a(xtensa-asm2.c.obj)
                0x0000000040081b00                xtensa_int5_c
 .text.xtensa_int6_c
                0x0000000040081b58       0x15 zephyr/arch/arch/xtensa/core/libarch__xtensa__core.a(xtensa-asm2.c.obj)
                0x0000000040081b58                xtensa_int6_c
 *fill*         0x0000000040081b6d        0x3 
 .text.xtensa_int7_c
                0x0000000040081b70       0x34 zephyr/arch/arch/xtensa/core/libarch__xtensa__core.a(xtensa-asm2.c.obj)
                0x0000000040081b70                xtensa_int7_c
 .text.xtensa_excint1_c
                0x0000000040081ba4      0x149 zephyr/arch/arch/xtensa/core/libarch__xtensa__core.a(xtensa-asm2.c.obj)
                                        0x14d (size before relaxing)
                0x0000000040081ba4                xtensa_excint1_c
 *fill*         0x0000000040081ced        0x3 
 .text.__stdout_hook_install
                0x0000000040081cf0        0xa zephyr/lib/libc/minimal/liblib__libc__minimal.a(stdout_console.c.obj)
                0x0000000040081cf0                __stdout_hook_install
 *fill*         0x0000000040081cfa        0x2 
 .text.gpio_esp32_pin_interrupt_configure
                0x0000000040081cfc       0x69 zephyr/drivers/gpio/libdrivers__gpio.a(gpio_esp32.c.obj)
 *fill*         0x0000000040081d65        0x3 
 .text.gpio_esp32_isr
                0x0000000040081d68       0x11 zephyr/drivers/gpio/libdrivers__gpio.a(gpio_esp32.c.obj)
                                         0x17 (size before relaxing)
 *fill*         0x0000000040081d79        0x3 
 .text.gpio_esp32_init
                0x0000000040081d7c       0x4e zephyr/drivers/gpio/libdrivers__gpio.a(gpio_esp32.c.obj)
                                         0x52 (size before relaxing)
 *fill*         0x0000000040081dca        0x2 
 .text.gpio_esp32_config
                0x0000000040081dcc       0xb2 zephyr/drivers/gpio/libdrivers__gpio.a(gpio_esp32.c.obj)
 *fill*         0x0000000040081e7e        0x2 
 .text.i2c_esp32_isr
                0x0000000040081e80       0x41 zephyr/drivers/i2c/libdrivers__i2c.a(i2c_esp32.c.obj)
 *fill*         0x0000000040081ec1        0x3 
 .text.i2c_esp32_reset_fifo$isra$0
                0x0000000040081ec4       0x32 zephyr/drivers/i2c/libdrivers__i2c.a(i2c_esp32.c.obj)
 *fill*         0x0000000040081ef6        0x2 
 .text.i2c_esp32_write_addr
                0x0000000040081ef8       0x62 zephyr/drivers/i2c/libdrivers__i2c.a(i2c_esp32.c.obj)
                                         0x66 (size before relaxing)
 *fill*         0x0000000040081f5a        0x2 
 .text.i2c_esp32_configure_pins
                0x0000000040081f5c       0x64 zephyr/drivers/i2c/libdrivers__i2c.a(i2c_esp32.c.obj)
 .text.i2c_esp32_configure
                0x0000000040081fc0      0x25e zephyr/drivers/i2c/libdrivers__i2c.a(i2c_esp32.c.obj)
                                        0x266 (size before relaxing)
 *fill*         0x000000004008221e        0x2 
 .text.i2c_esp32_transmit
                0x0000000040082220       0x5f zephyr/drivers/i2c/libdrivers__i2c.a(i2c_esp32.c.obj)
                                         0x63 (size before relaxing)
 *fill*         0x000000004008227f        0x1 
 .text.i2c_esp32_init
                0x0000000040082280       0xad zephyr/drivers/i2c/libdrivers__i2c.a(i2c_esp32.c.obj)
                                         0xbd (size before relaxing)
 *fill*         0x000000004008232d        0x3 
 .text.i2c_esp32_wait$isra$1
                0x0000000040082330       0x64 zephyr/drivers/i2c/libdrivers__i2c.a(i2c_esp32.c.obj)
 .text.i2c_esp32_transfer
                0x0000000040082394      0x240 zephyr/drivers/i2c/libdrivers__i2c.a(i2c_esp32.c.obj)
                                        0x25c (size before relaxing)
 .text.uart_esp32_configure
                0x00000000400825d4      0x112 zephyr/drivers/serial/libdrivers__serial.a(uart_esp32.c.obj)
 *fill*         0x00000000400826e6        0x2 
 .text.uart_esp32_init
                0x00000000400826e8       0x1c zephyr/drivers/serial/libdrivers__serial.a(uart_esp32.c.obj)
                                         0x20 (size before relaxing)
 .text.z_sys_init_run_level
                0x0000000040082704       0x57 zephyr/kernel/libkernel.a(device.c.obj)
                0x0000000040082704                z_sys_init_run_level
 *fill*         0x000000004008275b        0x1 
 .text.z_device_ready
                0x000000004008275c       0x30 zephyr/kernel/libkernel.a(device.c.obj)
                0x000000004008275c                z_device_ready
 .text.z_impl_device_get_binding
                0x000000004008278c       0x52 zephyr/kernel/libkernel.a(device.c.obj)
                                         0x56 (size before relaxing)
                0x000000004008278c                z_impl_device_get_binding
 *fill*         0x00000000400827de        0x2 
 .text.k_sys_fatal_error_handler
                0x00000000400827e0        0x8 zephyr/kernel/libkernel.a(fatal.c.obj)
                                          0xc (size before relaxing)
                0x00000000400827e0                k_sys_fatal_error_handler
 .text.z_fatal_error
                0x00000000400827e8       0x20 zephyr/kernel/libkernel.a(fatal.c.obj)
                                         0x28 (size before relaxing)
                0x00000000400827e8                z_fatal_error
 .text.bg_thread_main
                0x0000000040082808       0x38 zephyr/kernel/libkernel.a(init.c.obj)
                                         0x48 (size before relaxing)
 .text.z_cstart
                0x0000000040082840       0xeb zephyr/kernel/libkernel.a(init.c.obj)
                                        0x107 (size before relaxing)
                0x0000000040082840                z_cstart
 *fill*         0x000000004008292b        0x1 
 .text.z_impl_k_mutex_lock
                0x000000004008292c       0xc8 zephyr/kernel/libkernel.a(mutex.c.obj)
                                         0xd0 (size before relaxing)
                0x000000004008292c                z_impl_k_mutex_lock
 .text.z_impl_k_mutex_unlock
                0x00000000400829f4       0x71 zephyr/kernel/libkernel.a(mutex.c.obj)
                                         0x80 (size before relaxing)
                0x00000000400829f4                z_impl_k_mutex_unlock
 *fill*         0x0000000040082a65        0x3 
 .text.z_reset_time_slice
                0x0000000040082a68       0x22 zephyr/kernel/libkernel.a(sched.c.obj)
                                         0x26 (size before relaxing)
                0x0000000040082a68                z_reset_time_slice
 *fill*         0x0000000040082a8a        0x2 
 .text.z_swap_irqlock
                0x0000000040082a8c       0x2d zephyr/kernel/libkernel.a(sched.c.obj)
                                         0x35 (size before relaxing)
 *fill*         0x0000000040082ab9        0x3 
 .text.z_swap$isra$14
                0x0000000040082abc       0x2d zephyr/kernel/libkernel.a(sched.c.obj)
                                         0x35 (size before relaxing)
 *fill*         0x0000000040082ae9        0x3 
 .text.k_sched_time_slice_set
                0x0000000040082aec       0x2d zephyr/kernel/libkernel.a(sched.c.obj)
                0x0000000040082aec                k_sched_time_slice_set
 *fill*         0x0000000040082b19        0x3 
 .text.z_reschedule
                0x0000000040082b1c       0x2c zephyr/kernel/libkernel.a(sched.c.obj)
                0x0000000040082b1c                z_reschedule
 .text.z_reschedule_irqlock
                0x0000000040082b48       0x24 zephyr/kernel/libkernel.a(sched.c.obj)
                0x0000000040082b48                z_reschedule_irqlock
 .text.z_reschedule_unlocked
                0x0000000040082b6c        0xb zephyr/kernel/libkernel.a(sched.c.obj)
                                          0xe (size before relaxing)
 *fill*         0x0000000040082b77        0x1 
 .text.k_sched_lock
                0x0000000040082b78       0x1b zephyr/kernel/libkernel.a(sched.c.obj)
                0x0000000040082b78                k_sched_lock
 *fill*         0x0000000040082b93        0x1 
 .text.z_get_next_switch_handle
                0x0000000040082b94       0x19 zephyr/kernel/libkernel.a(sched.c.obj)
                0x0000000040082b94                z_get_next_switch_handle
 *fill*         0x0000000040082bad        0x3 
 .text.update_cache
                0x0000000040082bb0       0x4a zephyr/kernel/libkernel.a(sched.c.obj)
 *fill*         0x0000000040082bfa        0x2 
 .text.k_sched_unlock
                0x0000000040082bfc       0x26 zephyr/kernel/libkernel.a(sched.c.obj)
                                         0x2a (size before relaxing)
                0x0000000040082bfc                k_sched_unlock
 *fill*         0x0000000040082c22        0x2 
 .text.ready_thread
                0x0000000040082c24       0x7a zephyr/kernel/libkernel.a(sched.c.obj)
 *fill*         0x0000000040082c9e        0x2 
 .text.z_ready_thread
                0x0000000040082ca0       0x13 zephyr/kernel/libkernel.a(sched.c.obj)
                                         0x16 (size before relaxing)
                0x0000000040082ca0                z_ready_thread
 *fill*         0x0000000040082cb3        0x1 
 .text.z_thread_timeout
                0x0000000040082cb4       0x3e zephyr/kernel/libkernel.a(sched.c.obj)
                                         0x42 (size before relaxing)
                0x0000000040082cb4                z_thread_timeout
 *fill*         0x0000000040082cf2        0x2 
 .text.z_sched_start
                0x0000000040082cf4       0x32 zephyr/kernel/libkernel.a(sched.c.obj)
                                         0x36 (size before relaxing)
                0x0000000040082cf4                z_sched_start
 *fill*         0x0000000040082d26        0x2 
 .text.z_move_thread_to_end_of_prio_q
                0x0000000040082d28       0x7c zephyr/kernel/libkernel.a(sched.c.obj)
                0x0000000040082d28                z_move_thread_to_end_of_prio_q
 .text.z_time_slice
                0x0000000040082da4       0x4f zephyr/kernel/libkernel.a(sched.c.obj)
                                         0x53 (size before relaxing)
                0x0000000040082da4                z_time_slice
 *fill*         0x0000000040082df3        0x1 
 .text.z_impl_k_thread_suspend
                0x0000000040082df4       0x4f zephyr/kernel/libkernel.a(sched.c.obj)
                                         0x5b (size before relaxing)
                0x0000000040082df4                z_impl_k_thread_suspend
 *fill*         0x0000000040082e43        0x1 
 .text.z_thread_single_abort
                0x0000000040082e44       0xb0 zephyr/kernel/libkernel.a(sched.c.obj)
                                         0xc4 (size before relaxing)
                0x0000000040082e44                z_thread_single_abort
 .text.unready_thread
                0x0000000040082ef4       0x2f zephyr/kernel/libkernel.a(sched.c.obj)
                                         0x33 (size before relaxing)
 *fill*         0x0000000040082f23        0x1 
 .text.z_remove_thread_from_ready_q
                0x0000000040082f24       0x13 zephyr/kernel/libkernel.a(sched.c.obj)
                                         0x16 (size before relaxing)
                0x0000000040082f24                z_remove_thread_from_ready_q
 *fill*         0x0000000040082f37        0x1 
 .text.z_tick_sleep$part$23
                0x0000000040082f38       0x45 zephyr/kernel/libkernel.a(sched.c.obj)
                                         0x51 (size before relaxing)
 *fill*         0x0000000040082f7d        0x3 
 .text.add_to_waitq_locked
                0x0000000040082f80       0x52 zephyr/kernel/libkernel.a(sched.c.obj)
                                         0x56 (size before relaxing)
 *fill*         0x0000000040082fd2        0x2 
 .text.pend     0x0000000040082fd4       0x2a zephyr/kernel/libkernel.a(sched.c.obj)
                                         0x2e (size before relaxing)
 *fill*         0x0000000040082ffe        0x2 
 .text.z_pend_curr
                0x0000000040083000       0x1c zephyr/kernel/libkernel.a(sched.c.obj)
                                         0x20 (size before relaxing)
                0x0000000040083000                z_pend_curr
 .text.z_set_prio
                0x000000004008301c       0x8e zephyr/kernel/libkernel.a(sched.c.obj)
                                         0x92 (size before relaxing)
                0x000000004008301c                z_set_prio
 *fill*         0x00000000400830aa        0x2 
 .text.z_unpend_first_thread
                0x00000000400830ac       0x3a zephyr/kernel/libkernel.a(sched.c.obj)
                                         0x42 (size before relaxing)
                0x00000000400830ac                z_unpend_first_thread
 *fill*         0x00000000400830e6        0x2 
 .text.z_sched_init
                0x00000000400830e8       0x1a zephyr/kernel/libkernel.a(sched.c.obj)
                0x00000000400830e8                z_sched_init
 *fill*         0x0000000040083102        0x2 
 .text.z_impl_k_yield
                0x0000000040083104       0x7e zephyr/kernel/libkernel.a(sched.c.obj)
                                         0x86 (size before relaxing)
                0x0000000040083104                z_impl_k_yield
 *fill*         0x0000000040083182        0x2 
 .text.z_impl_k_sleep
                0x0000000040083184       0x41 zephyr/kernel/libkernel.a(sched.c.obj)
                                         0x49 (size before relaxing)
                0x0000000040083184                z_impl_k_sleep
 *fill*         0x00000000400831c5        0x3 
 .text.z_impl_k_current_get
                0x00000000400831c8        0xa zephyr/kernel/libkernel.a(sched.c.obj)
                0x00000000400831c8                z_impl_k_current_get
 *fill*         0x00000000400831d2        0x2 
 .text.z_impl_k_sem_give
                0x00000000400831d4       0x3a zephyr/kernel/libkernel.a(sem.c.obj)
                                         0x3e (size before relaxing)
                0x00000000400831d4                z_impl_k_sem_give
 *fill*         0x000000004008320e        0x2 
 .text.z_impl_k_sem_take
                0x0000000040083210       0x3a zephyr/kernel/libkernel.a(sem.c.obj)
                                         0x3d (size before relaxing)
                0x0000000040083210                z_impl_k_sem_take
 *fill*         0x000000004008324a        0x2 
 .text.z_impl_k_thread_start
                0x000000004008324c        0xa zephyr/kernel/libkernel.a(thread.c.obj)
                                          0xe (size before relaxing)
                0x000000004008324c                z_impl_k_thread_start
 *fill*         0x0000000040083256        0x2 
 .text.z_setup_new_thread
                0x0000000040083258       0x55 zephyr/kernel/libkernel.a(thread.c.obj)
                                         0x59 (size before relaxing)
                0x0000000040083258                z_setup_new_thread
 *fill*         0x00000000400832ad        0x3 
 .text.z_impl_k_thread_create
                0x00000000400832b0       0x56 zephyr/kernel/libkernel.a(thread.c.obj)
                                         0x5a (size before relaxing)
                0x00000000400832b0                z_impl_k_thread_create
 *fill*         0x0000000040083306        0x2 
 .text.z_init_static_threads
                0x0000000040083308       0x78 zephyr/kernel/libkernel.a(thread.c.obj)
                                         0x86 (size before relaxing)
                0x0000000040083308                z_init_static_threads
 *fill*         0x0000000040083380        0x0 
 .text.z_impl_k_thread_abort
                0x0000000040083380       0x45 zephyr/kernel/libkernel.a(thread_abort.c.obj)
                                         0x54 (size before relaxing)
                0x0000000040083380                z_impl_k_thread_abort
 *fill*         0x00000000400833c5        0x3 
 .text.elapsed  0x00000000400833c8       0x14 zephyr/kernel/libkernel.a(timeout.c.obj)
                                         0x18 (size before relaxing)
 .text.remove_timeout
                0x00000000400833dc       0x38 zephyr/kernel/libkernel.a(timeout.c.obj)
 .text.next_timeout
                0x0000000040083414       0x28 zephyr/kernel/libkernel.a(timeout.c.obj)
                                         0x2c (size before relaxing)
 .text.z_add_timeout
                0x000000004008343c      0x142 zephyr/kernel/libkernel.a(timeout.c.obj)
                                        0x14a (size before relaxing)
                0x000000004008343c                z_add_timeout
 *fill*         0x000000004008357e        0x2 
 .text.z_abort_timeout
                0x0000000040083580       0x1e zephyr/kernel/libkernel.a(timeout.c.obj)
                                         0x22 (size before relaxing)
                0x0000000040083580                z_abort_timeout
 *fill*         0x000000004008359e        0x2 
 .text.z_get_next_timeout_expiry
                0x00000000400835a0       0x13 zephyr/kernel/libkernel.a(timeout.c.obj)
                                         0x16 (size before relaxing)
                0x00000000400835a0                z_get_next_timeout_expiry
 *fill*         0x00000000400835b3        0x1 
 .text.z_set_timeout_expiry
                0x00000000400835b4       0x3c zephyr/kernel/libkernel.a(timeout.c.obj)
                0x00000000400835b4                z_set_timeout_expiry
 .text.z_clock_announce
                0x00000000400835f0       0xb5 zephyr/kernel/libkernel.a(timeout.c.obj)
                                         0xc1 (size before relaxing)
                0x00000000400835f0                z_clock_announce
 *fill*         0x00000000400836a5        0x3 
 .text.z_tick_get
                0x00000000400836a8       0x26 zephyr/kernel/libkernel.a(timeout.c.obj)
                0x00000000400836a8                z_tick_get
 *fill*         0x00000000400836ce        0x2 
 .text.z_tick_get_32
                0x00000000400836d0        0xa zephyr/kernel/libkernel.a(timeout.c.obj)
                                          0xd (size before relaxing)
                0x00000000400836d0                z_tick_get_32
 *fill*         0x00000000400836da        0x2 
 .text.idle     0x00000000400836dc       0x1b zephyr/kernel/libkernel.a(idle.c.obj)
                                         0x25 (size before relaxing)
                0x00000000400836dc                idle
 *fill*         0x00000000400836f7        0x1 
 .text.k_heap_init
                0x00000000400836f8       0x17 zephyr/kernel/libkernel.a(kheap.c.obj)
                0x00000000400836f8                k_heap_init
 *fill*         0x000000004008370f        0x1 
 .text.statics_init
                0x0000000040083710       0x22 zephyr/kernel/libkernel.a(kheap.c.obj)
 *fill*         0x0000000040083732        0x0 
 *fill*         0x0000000040083732        0x2 
 .text.i2c_read
                0x0000000040083734       0x20 app/libapp.a(main.c.obj)
 *fill*         0x0000000040083754        0x0 
 .text.i2c_write
                0x0000000040083754       0x20 app/libapp.a(main.c.obj)
 *fill*         0x0000000040083774        0x0 
 *fill*         0x0000000040083774        0x0 
 *fill*         0x0000000040083774        0x0 
 *fill*         0x0000000040083774        0x0 
 *fill*         0x0000000040083774        0x0 
 *fill*         0x0000000040083774        0x0 
 *fill*         0x0000000040083774        0x0 
 .text._ConfigAbsSyms
                0x0000000040083774        0x5 zephyr/libzephyr.a(configs.c.obj)
                0x0000000040083774                _ConfigAbsSyms
 *fill*         0x0000000040083779        0x0 
 *fill*         0x0000000040083779        0x0 
 *fill*         0x0000000040083779        0x0 
 *fill*         0x0000000040083779        0x0 
 *fill*         0x0000000040083779        0x0 
 *fill*         0x0000000040083779        0x0 
 *fill*         0x0000000040083779        0x0 
 *fill*         0x0000000040083779        0x0 
 *fill*         0x0000000040083779        0x0 
 *fill*         0x0000000040083779        0x0 
 *fill*         0x0000000040083779        0x0 
 *fill*         0x0000000040083779        0x0 
 *fill*         0x0000000040083779        0x0 
 *fill*         0x0000000040083779        0x0 
 *fill*         0x0000000040083779        0x3 
 .text.arch_cpu_idle
                0x000000004008377c        0x8 zephyr/arch/arch/xtensa/core/libarch__xtensa__core.a(cpu_idle.c.obj)
                0x000000004008377c                arch_cpu_idle
 *fill*         0x0000000040083784        0x0 
 *fill*         0x0000000040083784        0x0 
 *fill*         0x0000000040083784        0x0 
 *fill*         0x0000000040083784        0x0 
 *fill*         0x0000000040083784        0x0 
 .text.z_xtensa_dump_stack
                0x0000000040083784        0x5 zephyr/arch/arch/xtensa/core/libarch__xtensa__core.a(xtensa-asm2.c.obj)
                0x0000000040083784                z_xtensa_dump_stack
 *fill*         0x0000000040083789        0x0 
 *fill*         0x0000000040083789        0x0 
 *fill*         0x0000000040083789        0x0 
 *fill*         0x0000000040083789        0x0 
 *fill*         0x0000000040083789        0x3 
 .text.strcmp   0x000000004008378c       0x1b zephyr/lib/libc/minimal/liblib__libc__minimal.a(string.c.obj)
                0x000000004008378c                strcmp
 *fill*         0x00000000400837a7        0x1 
 .text.memset   0x00000000400837a8       0x56 zephyr/lib/libc/minimal/liblib__libc__minimal.a(string.c.obj)
                0x00000000400837a8                memset
 *fill*         0x00000000400837fe        0x2 
 .text._stdout_hook_default
                0x0000000040083800        0x7 zephyr/lib/libc/minimal/liblib__libc__minimal.a(stdout_console.c.obj)
 *fill*         0x0000000040083807        0x0 
 *fill*         0x0000000040083807        0x1 
 .text.gpio_esp32_port_get_raw
                0x0000000040083808       0x12 zephyr/drivers/gpio/libdrivers__gpio.a(gpio_esp32.c.obj)
 *fill*         0x000000004008381a        0x2 
 .text.gpio_esp32_port_set_masked_raw
                0x000000004008381c       0x27 zephyr/drivers/gpio/libdrivers__gpio.a(gpio_esp32.c.obj)
 *fill*         0x0000000040083843        0x1 
 .text.gpio_esp32_port_set_bits_raw
                0x0000000040083844       0x10 zephyr/drivers/gpio/libdrivers__gpio.a(gpio_esp32.c.obj)
 .text.gpio_esp32_port_clear_bits_raw
                0x0000000040083854       0x10 zephyr/drivers/gpio/libdrivers__gpio.a(gpio_esp32.c.obj)
 .text.gpio_esp32_port_toggle_bits
                0x0000000040083864       0x21 zephyr/drivers/gpio/libdrivers__gpio.a(gpio_esp32.c.obj)
 *fill*         0x0000000040083885        0x0 
 *fill*         0x0000000040083885        0x3 
 .text.gpio_esp32_manage_callback
                0x0000000040083888       0x5e zephyr/drivers/gpio/libdrivers__gpio.a(gpio_esp32.c.obj)
 *fill*         0x00000000400838e6        0x2 
 .text.gpio_esp32_fire_callbacks
                0x00000000400838e8       0x33 zephyr/drivers/gpio/libdrivers__gpio.a(gpio_esp32.c.obj)
 *fill*         0x000000004008391b        0x0 
 *fill*         0x000000004008391b        0x0 
 *fill*         0x000000004008391b        0x0 
 *fill*         0x000000004008391b        0x1 
 .text.i2c_esp32_connect_irq_0
                0x000000004008391c        0x5 zephyr/drivers/i2c/libdrivers__i2c.a(i2c_esp32.c.obj)
 *fill*         0x0000000040083921        0x0 
 *fill*         0x0000000040083921        0x0 
 *fill*         0x0000000040083921        0x0 
 *fill*         0x0000000040083921        0x3 
 .text.i2c_esp32_connect_irq_1
                0x0000000040083924        0x5 zephyr/drivers/i2c/libdrivers__i2c.a(i2c_esp32.c.obj)
 *fill*         0x0000000040083929        0x0 
 *fill*         0x0000000040083929        0x0 
 *fill*         0x0000000040083929        0x0 
 *fill*         0x0000000040083929        0x3 
 .text.uart_esp32_poll_in
                0x000000004008392c       0x1f zephyr/drivers/serial/libdrivers__serial.a(uart_esp32.c.obj)
 *fill*         0x000000004008394b        0x1 
 .text.uart_esp32_poll_out
                0x000000004008394c       0x1f zephyr/drivers/serial/libdrivers__serial.a(uart_esp32.c.obj)
 *fill*         0x000000004008396b        0x1 
 .text.uart_esp32_err_check
                0x000000004008396c       0x1f zephyr/drivers/serial/libdrivers__serial.a(uart_esp32.c.obj)
 *fill*         0x000000004008398b        0x1 
 .text.uart_esp32_config_get
                0x000000004008398c       0x59 zephyr/drivers/serial/libdrivers__serial.a(uart_esp32.c.obj)
 *fill*         0x00000000400839e5        0x0 
 *fill*         0x00000000400839e5        0x0 
 *fill*         0x00000000400839e5        0x0 
 *fill*         0x00000000400839e5        0x3 
 .text.arch_system_halt
                0x00000000400839e8        0x9 zephyr/kernel/libkernel.a(fatal.c.obj)
                0x00000000400839e8                arch_system_halt
 *fill*         0x00000000400839f1        0x0 
 *fill*         0x00000000400839f1        0x3 
 .text.z_impl_k_mutex_init
                0x00000000400839f4       0x11 zephyr/kernel/libkernel.a(mutex.c.obj)
                0x00000000400839f4                z_impl_k_mutex_init
 *fill*         0x0000000040083a05        0x3 
 .text.sys_dlist_remove
                0x0000000040083a08       0x13 zephyr/kernel/libkernel.a(sched.c.obj)
 *fill*         0x0000000040083a1b        0x0 
 *fill*         0x0000000040083a1b        0x0 
 *fill*         0x0000000040083a1b        0x0 
 *fill*         0x0000000040083a1b        0x0 
 *fill*         0x0000000040083a1b        0x0 
 *fill*         0x0000000040083a1b        0x0 
 *fill*         0x0000000040083a1b        0x0 
 *fill*         0x0000000040083a1b        0x1 
 .text.z_priq_dumb_best
                0x0000000040083a1c       0x10 zephyr/kernel/libkernel.a(sched.c.obj)
                0x0000000040083a1c                z_priq_dumb_best
 *fill*         0x0000000040083a2c        0x0 
 *fill*         0x0000000040083a2c        0x0 
 *fill*         0x0000000040083a2c        0x0 
 *fill*         0x0000000040083a2c        0x0 
 *fill*         0x0000000040083a2c        0x0 
 *fill*         0x0000000040083a2c        0x0 
 *fill*         0x0000000040083a2c        0x0 
 *fill*         0x0000000040083a2c        0x0 
 *fill*         0x0000000040083a2c        0x0 
 *fill*         0x0000000040083a2c        0x0 
 *fill*         0x0000000040083a2c        0x0 
 *fill*         0x0000000040083a2c        0x0 
 *fill*         0x0000000040083a2c        0x0 
 *fill*         0x0000000040083a2c        0x0 
 *fill*         0x0000000040083a2c        0x0 
 *fill*         0x0000000040083a2c        0x0 
 *fill*         0x0000000040083a2c        0x0 
 *fill*         0x0000000040083a2c        0x0 
 *fill*         0x0000000040083a2c        0x0 
 .text.z_impl_k_sem_init
                0x0000000040083a2c       0x24 zephyr/kernel/libkernel.a(sem.c.obj)
                0x0000000040083a2c                z_impl_k_sem_init
 *fill*         0x0000000040083a50        0x0 
 *fill*         0x0000000040083a50        0x0 
 *fill*         0x0000000040083a50        0x0 
 *fill*         0x0000000040083a50        0x0 
 *fill*         0x0000000040083a50        0x0 
 *fill*         0x0000000040083a50        0x0 
 *fill*         0x0000000040083a50        0x0 
 *fill*         0x0000000040083a50        0x0 
 *fill*         0x0000000040083a50        0x0 
 *fill*         0x0000000040083a50        0x0 
 *fill*         0x0000000040083a50        0x0 
 *fill*         0x0000000040083a50        0x0 
 *fill*         0x0000000040083a50        0x0 
 *fill*         0x0000000040083a50        0x0 
 *fill*         0x0000000040083a50        0x0 
 .text._OffsetAbsSyms
                0x0000000040083a50        0x5 zephyr/CMakeFiles/offsets.dir/./arch/xtensa/core/offsets/offsets.c.obj
                0x0000000040083a50                _OffsetAbsSyms
 *fill*         0x0000000040083a55        0x3 
 .text          0x0000000040083a58      0x26e /home/alex/.espressif/tools/xtensa-esp32-elf/esp-2020r3-8.4.0/xtensa-esp32-elf/bin/../lib/gcc/xtensa-esp32-elf/8.4.0/libgcc.a(_udivdi3.o)
                0x0000000040083a58                __udivdi3
 *fill*         0x0000000040083cc6        0x2 
 .text          0x0000000040083cc8      0x272 /home/alex/.espressif/tools/xtensa-esp32-elf/esp-2020r3-8.4.0/xtensa-esp32-elf/bin/../lib/gcc/xtensa-esp32-elf/8.4.0/libgcc.a(_umoddi3.o)
                0x0000000040083cc8                __umoddi3
                0x0000000040083f3a                _iram_text_end = ABSOLUTE (.)

.dram0.data     0x000000003ffb00c0       0x8c
                0x000000003ffb00c0                _data_start = ABSOLUTE (.)
 *(SORT_BY_ALIGNMENT(.data))
 *(SORT_BY_ALIGNMENT(.data.*))
 .data._char_out
                0x000000003ffb00c0        0x4 zephyr/libzephyr.a(printk.c.obj)
                0x000000003ffb00c0                _char_out
 .data.api_funcs
                0x000000003ffb00c4       0x10 zephyr/libzephyr.a(pinmux_esp32.c.obj)
 .data._stdout_hook
                0x000000003ffb00d4        0x4 zephyr/lib/libc/minimal/liblib__libc__minimal.a(stdout_console.c.obj)
 .data.gpio_1_cfg
                0x000000003ffb00d8        0x4 zephyr/drivers/gpio/libdrivers__gpio.a(gpio_esp32.c.obj)
 .data.gpio_0_cfg
                0x000000003ffb00dc        0x4 zephyr/drivers/gpio/libdrivers__gpio.a(gpio_esp32.c.obj)
 .data.gpio_1_data
                0x000000003ffb00e0       0x2c zephyr/drivers/gpio/libdrivers__gpio.a(gpio_esp32.c.obj)
 .data.gpio_0_data
                0x000000003ffb010c       0x2c zephyr/drivers/gpio/libdrivers__gpio.a(gpio_esp32.c.obj)
 .data.uart_esp32_data_0
                0x000000003ffb0138        0xc zephyr/drivers/serial/libdrivers__serial.a(uart_esp32.c.obj)
 .data.timeout_list
                0x000000003ffb0144        0x8 zephyr/kernel/libkernel.a(timeout.c.obj)
 *(SORT_BY_ALIGNMENT(.gnu.linkonce.d.*))
 *(SORT_BY_ALIGNMENT(.data1))
 *(SORT_BY_ALIGNMENT(.sdata))
 *(SORT_BY_ALIGNMENT(.sdata.*))
 *(SORT_BY_ALIGNMENT(.gnu.linkonce.s.*))
 *(SORT_BY_ALIGNMENT(.sdata2))
 *(SORT_BY_ALIGNMENT(.sdata2.*))
 *(SORT_BY_ALIGNMENT(.gnu.linkonce.s2.*))
 *(SORT_BY_ALIGNMENT(.jcr))
 *(SORT_BY_ALIGNMENT(.dram1) SORT_BY_ALIGNMENT(.dram1.*))
                0x000000003ffb014c                _data_end = ABSOLUTE (.)
                0x000000003ffb014c                . = ALIGN (0x4)

rodata          0x000000003ffb014c      0x558
                0x000000003ffb014c                _rodata_start = ABSOLUTE (.)
 *(SORT_BY_ALIGNMENT(.rodata))
 *(SORT_BY_ALIGNMENT(.rodata.*))
 .rodata.esp32_clock_config0
                0x000000003ffb014c       0x10 zephyr/libzephyr.a(clock_control_esp32.c.obj)
 .rodata.clock_control_esp32_api
                0x000000003ffb015c       0x14 zephyr/libzephyr.a(clock_control_esp32.c.obj)
 .rodata.xtal_freq
                0x000000003ffb0170        0x8 zephyr/libzephyr.a(clock_control_esp32.c.obj)
 .rodata.clock_control_regs
                0x000000003ffb0178       0x18 zephyr/libzephyr.a(clock_control_esp32.c.obj)
                0x000000003ffb0178                clock_control_regs
 .rodata.gpio_esp32_driver
                0x000000003ffb0190       0x24 zephyr/drivers/gpio/libdrivers__gpio.a(gpio_esp32.c.obj)
 .rodata.speed_to_freq_tbl$5448
                0x000000003ffb01b4       0x18 zephyr/drivers/i2c/libdrivers__i2c.a(i2c_esp32.c.obj)
 .rodata.i2c_esp32_config_1
                0x000000003ffb01cc       0x3c zephyr/drivers/i2c/libdrivers__i2c.a(i2c_esp32.c.obj)
 .rodata.i2c_esp32_config_0
                0x000000003ffb0208       0x3c zephyr/drivers/i2c/libdrivers__i2c.a(i2c_esp32.c.obj)
 .rodata.i2c_esp32_driver_api
                0x000000003ffb0244       0x14 zephyr/drivers/i2c/libdrivers__i2c.a(i2c_esp32.c.obj)
 .rodata.uart_esp32_cfg_port_0
                0x000000003ffb0258       0x38 zephyr/drivers/serial/libdrivers__serial.a(uart_esp32.c.obj)
 .rodata.uart_esp32_api
                0x000000003ffb0290       0x14 zephyr/drivers/serial/libdrivers__serial.a(uart_esp32.c.obj)
 .rodata.levels$4255
                0x000000003ffb02a4       0x14 zephyr/kernel/libkernel.a(device.c.obj)
 .rodata.blink1.str1.1
                0x000000003ffb02b8       0x48 app/libapp.a(main.c.obj)
 .rodata.temperatura.str1.1
                0x000000003ffb0300      0x23c app/libapp.a(main.c.obj)
 .rodata.print_digits.str1.1
                0x000000003ffb053c       0x11 zephyr/libzephyr.a(printk.c.obj)
 .rodata.uart_console_init.str1.1
                0x000000003ffb054d        0x7 zephyr/libzephyr.a(uart_console.c.obj)
 .rodata.str1.1
                0x000000003ffb0554        0x4 zephyr/libzephyr.a(clock_control_esp32.c.obj)
 .rodata.pll_config
                0x000000003ffb0558       0x1e zephyr/libzephyr.a(clock_control_esp32.c.obj)
                0x000000003ffb0558                pll_config
 .rodata.offs$4270
                0x000000003ffb0576        0x6 zephyr/libzephyr.a(pinmux_esp32.c.obj)
 .rodata.str1.1
                0x000000003ffb057c        0x7 zephyr/libzephyr.a(pinmux_esp32.c.obj)
 .rodata.pin_mux_off
                0x000000003ffb0583       0x28 zephyr/libzephyr.a(pinmux_esp32.c.obj)
 .rodata.str1.1
                0x000000003ffb05ab        0xa zephyr/libzephyr.a(sys_clock_init.c.obj)
 .rodata.gpio_esp32_init.str1.1
                0x000000003ffb05b5        0x7 zephyr/drivers/gpio/libdrivers__gpio.a(gpio_esp32.c.obj)
 .rodata.str1.1
                0x000000003ffb05b5        0x7 zephyr/drivers/gpio/libdrivers__gpio.a(gpio_esp32.c.obj)
                                          0xe (size before relaxing)
 .rodata.i2c_esp32_configure_pins.str1.1
                0x000000003ffb05bc        0xe zephyr/drivers/i2c/libdrivers__i2c.a(i2c_esp32.c.obj)
 .rodata.str1.1
                0x000000003ffb05bc       0x10 zephyr/drivers/i2c/libdrivers__i2c.a(i2c_esp32.c.obj)
 .rodata.str1.1
                0x000000003ffb05bc        0xb zephyr/drivers/serial/libdrivers__serial.a(uart_esp32.c.obj)
 .rodata.bg_thread_main.str1.1
                0x000000003ffb05bc       0x43 zephyr/kernel/libkernel.a(init.c.obj)
                                         0x44 (size before relaxing)
 .rodata.z_cstart.str1.1
                0x000000003ffb05ff        0x5 zephyr/kernel/libkernel.a(init.c.obj)
 *(SORT_BY_ALIGNMENT(.gnu.linkonce.r.*))
 *(SORT_BY_ALIGNMENT(.rodata1))
                0x000000003ffb0604                __XT_EXCEPTION_TABLE__ = ABSOLUTE (.)
 *(SORT_BY_ALIGNMENT(.xt_except_table))
 *(SORT_BY_ALIGNMENT(.gcc_except_table) SORT_BY_ALIGNMENT(.gcc_except_table.*))
 *(SORT_BY_ALIGNMENT(.gnu.linkonce.e.*))
 *(SORT_BY_ALIGNMENT(.gnu.version_r))
 *(SORT_BY_ALIGNMENT(.eh_frame))
 .eh_frame      0x000000003ffb0604       0x28 /home/alex/.espressif/tools/xtensa-esp32-elf/esp-2020r3-8.4.0/xtensa-esp32-elf/bin/../lib/gcc/xtensa-esp32-elf/8.4.0/libgcc.a(_divdi3.o)
 .eh_frame      0x000000003ffb062c       0x28 /home/alex/.espressif/tools/xtensa-esp32-elf/esp-2020r3-8.4.0/xtensa-esp32-elf/bin/../lib/gcc/xtensa-esp32-elf/8.4.0/libgcc.a(_moddi3.o)
 .eh_frame      0x000000003ffb0654       0x28 /home/alex/.espressif/tools/xtensa-esp32-elf/esp-2020r3-8.4.0/xtensa-esp32-elf/bin/../lib/gcc/xtensa-esp32-elf/8.4.0/libgcc.a(_udivdi3.o)
 .eh_frame      0x000000003ffb067c       0x28 /home/alex/.espressif/tools/xtensa-esp32-elf/esp-2020r3-8.4.0/xtensa-esp32-elf/bin/../lib/gcc/xtensa-esp32-elf/8.4.0/libgcc.a(_umoddi3.o)
 *crtbegin.o(SORT_BY_ALIGNMENT(.ctors))
 *(SORT_BY_ALIGNMENT(EXCLUDE_FILE(*crtend.o) .ctors))
 *(SORT_BY_NAME(SORT_BY_ALIGNMENT(.ctors.*)))
 *(SORT_BY_ALIGNMENT(.ctors))
 *crtbegin.o(SORT_BY_ALIGNMENT(.dtors))
 *(SORT_BY_ALIGNMENT(EXCLUDE_FILE(*crtend.o) .dtors))
 *(SORT_BY_NAME(SORT_BY_ALIGNMENT(.dtors.*)))
 *(SORT_BY_ALIGNMENT(.dtors))
                0x000000003ffb06a4                __XT_EXCEPTION_DESCS__ = ABSOLUTE (.)
 *(SORT_BY_ALIGNMENT(.xt_except_desc))
 *(SORT_BY_ALIGNMENT(.gnu.linkonce.h.*))
                0x000000003ffb06a4                __XT_EXCEPTION_DESCS_END__ = ABSOLUTE (.)
 *(SORT_BY_ALIGNMENT(.xt_except_desc_end))
 *(SORT_BY_ALIGNMENT(.dynamic))
 *(SORT_BY_ALIGNMENT(.gnu.version_d))
                0x000000003ffb06a4                . = ALIGN (0x4)
                0x000000003ffb06a4                _rodata_end = ABSOLUTE (.)

bss             0x000000003ffb06a8      0x5d8
                0x000000003ffb06a8                . = ALIGN (0x8)
                0x000000003ffb06a8                _bss_start = ABSOLUTE (.)
 *(SORT_BY_ALIGNMENT(.dynsbss))
 *(SORT_BY_ALIGNMENT(.sbss))
 *(SORT_BY_ALIGNMENT(.sbss.*))
 *(SORT_BY_ALIGNMENT(.gnu.linkonce.sb.*))
 *(SORT_BY_ALIGNMENT(.scommon))
 *(SORT_BY_ALIGNMENT(.sbss2))
 *(SORT_BY_ALIGNMENT(.sbss2.*))
 *(SORT_BY_ALIGNMENT(.gnu.linkonce.sb2.*))
 *(SORT_BY_ALIGNMENT(.dynbss))
 *(SORT_BY_ALIGNMENT(.bss))
 *(SORT_BY_ALIGNMENT(.bss.*))
 .bss.threads   0x000000003ffb06a8      0x180 app/libapp.a(main.c.obj)
 .bss.z_idle_threads
                0x000000003ffb0828      0x180 zephyr/kernel/libkernel.a(init.c.obj)
                0x000000003ffb0828                z_idle_threads
 .bss.z_main_thread
                0x000000003ffb09a8       0xc0 zephyr/kernel/libkernel.a(init.c.obj)
                0x000000003ffb09a8                z_main_thread
 .bss.curr_tick
                0x000000003ffb0a68        0x8 zephyr/kernel/libkernel.a(timeout.c.obj)
 .bss.uart_console_dev
                0x000000003ffb0a70        0x4 zephyr/libzephyr.a(uart_console.c.obj)
 .bss.last_count
                0x000000003ffb0a74        0x4 zephyr/libzephyr.a(xtensa_sys_timer.c.obj)
 .bss.i2c_esp32_data_1
                0x000000003ffb0a78       0x2c zephyr/drivers/i2c/libdrivers__i2c.a(i2c_esp32.c.obj)
 .bss.i2c_esp32_data_0
                0x000000003ffb0aa4       0x2c zephyr/drivers/i2c/libdrivers__i2c.a(i2c_esp32.c.obj)
 .bss.slice_max_prio
                0x000000003ffb0ad0        0x4 zephyr/kernel/libkernel.a(sched.c.obj)
 .bss.slice_time
                0x000000003ffb0ad4        0x4 zephyr/kernel/libkernel.a(sched.c.obj)
 .bss._kernel   0x000000003ffb0ad8       0x44 zephyr/kernel/libkernel.a(sched.c.obj)
                0x000000003ffb0ad8                _kernel
 .bss.announce_remaining
                0x000000003ffb0b1c        0x4 zephyr/kernel/libkernel.a(timeout.c.obj)
 .bss.kheap_poolheap__heap_mem_pool
                0x000000003ffb0b20      0x15c zephyr/kernel/libkernel.a(mempool.c.obj)
                0x000000003ffb0b20                kheap_poolheap__heap_mem_pool
 .bss.isr_connected$4834
                0x000000003ffb0c7c        0x1 zephyr/drivers/gpio/libdrivers__gpio.a(gpio_esp32.c.obj)
 .bss.z_sys_post_kernel
                0x000000003ffb0c7d        0x1 zephyr/kernel/libkernel.a(init.c.obj)
                0x000000003ffb0c7d                z_sys_post_kernel
 .bss.lock      0x000000003ffb0c7e        0x0 zephyr/kernel/libkernel.a(mutex.c.obj)
 .bss.sched_spinlock
                0x000000003ffb0c7e        0x0 zephyr/kernel/libkernel.a(sched.c.obj)
 .bss.lock      0x000000003ffb0c7e        0x0 zephyr/kernel/libkernel.a(sem.c.obj)
 *(SORT_BY_ALIGNMENT(.share.mem))
 *(SORT_BY_ALIGNMENT(.gnu.linkonce.b.*))
 *(SORT_BY_ALIGNMENT(COMMON))
                0x000000003ffb0c80                . = ALIGN (0x8)
 *fill*         0x000000003ffb0c7e        0x2 
                0x000000003ffb0c80                _bss_end = ABSOLUTE (.)

app_noinit      0x000000003ffb0c80        0x0
                0x000000003ffb0c80                . = ALIGN (0x8)
 *(SORT_BY_ALIGNMENT(.app_noinit))
 *(SORT_BY_ALIGNMENT(app_noinit.*))
                0x000000003ffb0c80                . = ALIGN (0x8)
                0x000000003ffb0c80                _app_end = ABSOLUTE (.)

noinit          0x000000003ffb0c80     0x2c00
                0x000000003ffb0c80                . = ALIGN (0x8)
 *(SORT_BY_ALIGNMENT(.noinit))
 *(SORT_BY_ALIGNMENT(.noinit.*))
 .noinit."../src/main.c".0
                0x000000003ffb0c80      0xc00 app/libapp.a(main.c.obj)
 .noinit."WEST_TOPDIR/zephyr/kernel/init.c".3
                0x000000003ffb1880      0x800 zephyr/kernel/libkernel.a(init.c.obj)
 .noinit."WEST_TOPDIR/zephyr/kernel/init.c".2
                0x000000003ffb2080      0x800 zephyr/kernel/libkernel.a(init.c.obj)
                0x000000003ffb2080                z_main_stack
 .noinit."WEST_TOPDIR/zephyr/kernel/init.c".4
                0x000000003ffb2880     0x1000 zephyr/kernel/libkernel.a(init.c.obj)
                0x000000003ffb2880                z_interrupt_stacks
                0x000000003ffb3880                . = ALIGN (0x8)
                0x000000003ffb3880                _heap_start = ABSOLUTE (.)

.intList        0x000000003ebfe010       0x48
 *(SORT_BY_ALIGNMENT(.irq_info*))
 .irq_info      0x000000003ebfe010        0x8 zephyr/arch/common/libisr_tables.a(isr_tables.c.obj)
                0x000000003ebfe010                _iheader
 *(SORT_BY_ALIGNMENT(.intList*))